// Jest Snapshot v1, https://goo.gl/fbAQLP

exports[`parser parses example.com sqlite results database successfully 1`] = `
[
  {
    "attributes": {
      "addresses": {
        "asn": 15133,
        "cidr": "93.184.216.0/24",
        "desc": "EDGECAST - MCI Communications Services, Inc. d/b/a Verizon Business",
        "ip": "93.184.216.34",
      },
      "domain": "example.com",
      "hostname": "example.com",
      "ip_addresses": "93.184.216.34",
    },
    "category": "Subdomain",
    "description": "Found subdomain example.com",
    "identified_at": null,
    "location": "example.com",
    "name": "example.com",
    "osi_layer": "NETWORK",
    "severity": "INFORMATIONAL",
  },
  {
    "attributes": {
      "addresses": {
        "asn": 15133,
        "cidr": "2606:2800:220::/48",
        "desc": "EDGECAST - MCI Communications Services, Inc. d/b/a Verizon Business",
        "ip": "2606:2800:220:1:248:1893:25c8:1946",
      },
      "domain": "example.com",
      "hostname": "example.com",
      "ip_addresses": "2606:2800:220:1:248:1893:25c8:1946",
    },
    "category": "Subdomain",
    "description": "Found subdomain example.com",
    "identified_at": null,
    "location": "example.com",
    "name": "example.com",
    "osi_layer": "NETWORK",
    "severity": "INFORMATIONAL",
  },
  {
    "attributes": {
      "addresses": {
        "asn": null,
        "cidr": null,
        "desc": null,
        "ip": null,
      },
      "domain": "example.com",
      "hostname": "iana-servers.net",
      "ip_addresses": null,
    },
    "category": "Subdomain",
    "description": "Found subdomain iana-servers.net",
    "identified_at": null,
    "location": "iana-servers.net",
    "name": "iana-servers.net",
    "osi_layer": "NETWORK",
    "severity": "INFORMATIONAL",
  },
  {
    "attributes": {
      "addresses": {
        "asn": 26710,
        "cidr": "199.43.133.0/24",
        "desc": "ICANN-ANYCASTED-SERVICES - ICANN",
        "ip": "199.43.133.53",
      },
      "domain": "example.com",
      "hostname": "b.iana-servers.net",
      "ip_addresses": "199.43.133.53",
    },
    "category": "Subdomain",
    "description": "Found subdomain b.iana-servers.net",
    "identified_at": null,
    "location": "b.iana-servers.net",
    "name": "b.iana-servers.net",
    "osi_layer": "NETWORK",
    "severity": "INFORMATIONAL",
  },
  {
    "attributes": {
      "addresses": {
        "asn": 26710,
        "cidr": "2001:500:8d::/48",
        "desc": "ICANN-ANYCASTED-SERVICES - ICANN",
        "ip": "2001:500:8d::53",
      },
      "domain": "example.com",
      "hostname": "b.iana-servers.net",
      "ip_addresses": "2001:500:8d::53",
    },
    "category": "Subdomain",
    "description": "Found subdomain b.iana-servers.net",
    "identified_at": null,
    "location": "b.iana-servers.net",
    "name": "b.iana-servers.net",
    "osi_layer": "NETWORK",
    "severity": "INFORMATIONAL",
  },
  {
    "attributes": {
      "addresses": {
        "asn": 26710,
        "cidr": "199.43.135.0/24",
        "desc": "ICANN-ANYCASTED-SERVICES - ICANN",
        "ip": "199.43.135.53",
      },
      "domain": "example.com",
      "hostname": "a.iana-servers.net",
      "ip_addresses": "199.43.135.53",
    },
    "category": "Subdomain",
    "description": "Found subdomain a.iana-servers.net",
    "identified_at": null,
    "location": "a.iana-servers.net",
    "name": "a.iana-servers.net",
    "osi_layer": "NETWORK",
    "severity": "INFORMATIONAL",
  },
  {
    "attributes": {
      "addresses": {
        "asn": 26710,
        "cidr": "2001:500:8f::/48",
        "desc": "ICANN-ANYCASTED-SERVICES - ICANN",
        "ip": "2001:500:8f::53",
      },
      "domain": "example.com",
      "hostname": "a.iana-servers.net",
      "ip_addresses": "2001:500:8f::53",
    },
    "category": "Subdomain",
    "description": "Found subdomain a.iana-servers.net",
    "identified_at": null,
    "location": "a.iana-servers.net",
    "name": "a.iana-servers.net",
    "osi_layer": "NETWORK",
    "severity": "INFORMATIONAL",
  },
  {
    "attributes": {
      "addresses": {
        "asn": 15133,
        "cidr": "93.184.216.0/24",
        "desc": "EDGECAST - MCI Communications Services, Inc. d/b/a Verizon Business",
        "ip": "93.184.216.34",
      },
      "domain": "example.com",
      "hostname": "www.example.com",
      "ip_addresses": "93.184.216.34",
    },
    "category": "Subdomain",
    "description": "Found subdomain www.example.com",
    "identified_at": null,
    "location": "www.example.com",
    "name": "www.example.com",
    "osi_layer": "NETWORK",
    "severity": "INFORMATIONAL",
  },
  {
    "attributes": {
      "addresses": {
        "asn": 15133,
        "cidr": "2606:2800:220::/48",
        "desc": "EDGECAST - MCI Communications Services, Inc. d/b/a Verizon Business",
        "ip": "2606:2800:220:1:248:1893:25c8:1946",
      },
      "domain": "example.com",
      "hostname": "www.example.com",
      "ip_addresses": "2606:2800:220:1:248:1893:25c8:1946",
    },
    "category": "Subdomain",
    "description": "Found subdomain www.example.com",
    "identified_at": null,
    "location": "www.example.com",
    "name": "www.example.com",
    "osi_layer": "NETWORK",
    "severity": "INFORMATIONAL",
  },
]
`;

exports[`parser parses sqlite results database with empty relations table successfully 1`] = `
[
  {
    "attributes": {
      "addresses": {
        "asn": null,
        "cidr": null,
        "desc": null,
        "ip": null,
      },
      "domain": "owasp.org",
      "hostname": "owasp.org",
      "ip_addresses": null,
    },
    "category": "Subdomain",
    "description": "Found subdomain owasp.org",
    "identified_at": null,
    "location": "owasp.org",
    "name": "owasp.org",
    "osi_layer": "NETWORK",
    "severity": "INFORMATIONAL",
  },
  {
    "attributes": {
      "addresses": {
        "asn": null,
        "cidr": null,
        "desc": null,
        "ip": null,
      },
      "domain": "owasp.org",
      "hostname": "wiki.owasp.org",
      "ip_addresses": null,
    },
    "category": "Subdomain",
    "description": "Found subdomain wiki.owasp.org",
    "identified_at": null,
    "location": "wiki.owasp.org",
    "name": "wiki.owasp.org",
    "osi_layer": "NETWORK",
    "severity": "INFORMATIONAL",
  },
  {
    "attributes": {
      "addresses": {
        "asn": null,
        "cidr": null,
        "desc": null,
        "ip": null,
      },
      "domain": "owasp.org",
      "hostname": "calltobattle.owasp.org",
      "ip_addresses": null,
    },
    "category": "Subdomain",
    "description": "Found subdomain calltobattle.owasp.org",
    "identified_at": null,
    "location": "calltobattle.owasp.org",
    "name": "calltobattle.owasp.org",
    "osi_layer": "NETWORK",
    "severity": "INFORMATIONAL",
  },
  {
    "attributes": {
      "addresses": {
        "asn": null,
        "cidr": null,
        "desc": null,
        "ip": null,
      },
      "domain": "owasp.org",
      "hostname": "sl.owasp.org",
      "ip_addresses": null,
    },
    "category": "Subdomain",
    "description": "Found subdomain sl.owasp.org",
    "identified_at": null,
    "location": "sl.owasp.org",
    "name": "sl.owasp.org",
    "osi_layer": "NETWORK",
    "severity": "INFORMATIONAL",
  },
  {
    "attributes": {
      "addresses": {
        "asn": null,
        "cidr": null,
        "desc": null,
        "ip": null,
      },
      "domain": "owasp.org",
      "hostname": "kerala.owasp.org",
      "ip_addresses": null,
    },
    "category": "Subdomain",
    "description": "Found subdomain kerala.owasp.org",
    "identified_at": null,
    "location": "kerala.owasp.org",
    "name": "kerala.owasp.org",
    "osi_layer": "NETWORK",
    "severity": "INFORMATIONAL",
  },
  {
    "attributes": {
      "addresses": {
        "asn": null,
        "cidr": null,
        "desc": null,
        "ip": null,
      },
      "domain": "owasp.org",
      "hostname": "www.owasp.org",
      "ip_addresses": null,
    },
    "category": "Subdomain",
    "description": "Found subdomain www.owasp.org",
    "identified_at": null,
    "location": "www.owasp.org",
    "name": "www.owasp.org",
    "osi_layer": "NETWORK",
    "severity": "INFORMATIONAL",
  },
  {
    "attributes": {
      "addresses": {
        "asn": null,
        "cidr": null,
        "desc": null,
        "ip": null,
      },
      "domain": "owasp.org",
      "hostname": "calendar.owasp.org",
      "ip_addresses": null,
    },
    "category": "Subdomain",
    "description": "Found subdomain calendar.owasp.org",
    "identified_at": null,
    "location": "calendar.owasp.org",
    "name": "calendar.owasp.org",
    "osi_layer": "NETWORK",
    "severity": "INFORMATIONAL",
  },
  {
    "attributes": {
      "addresses": {
        "asn": null,
        "cidr": null,
        "desc": null,
        "ip": null,
      },
      "domain": "owasp.org",
      "hostname": "members.owasp.org",
      "ip_addresses": null,
    },
    "category": "Subdomain",
    "description": "Found subdomain members.owasp.org",
    "identified_at": null,
    "location": "members.owasp.org",
    "name": "members.owasp.org",
    "osi_layer": "NETWORK",
    "severity": "INFORMATIONAL",
  },
  {
    "attributes": {
      "addresses": {
        "asn": null,
        "cidr": null,
        "desc": null,
        "ip": null,
      },
      "domain": "owasp.org",
      "hostname": "lightning.owasp.org",
      "ip_addresses": null,
    },
    "category": "Subdomain",
    "description": "Found subdomain lightning.owasp.org",
    "identified_at": null,
    "location": "lightning.owasp.org",
    "name": "lightning.owasp.org",
    "osi_layer": "NETWORK",
    "severity": "INFORMATIONAL",
  },
  {
    "attributes": {
      "addresses": {
        "asn": null,
        "cidr": null,
        "desc": null,
        "ip": null,
      },
      "domain": "owasp.org",
      "hostname": "mail.owasp.org",
      "ip_addresses": null,
    },
    "category": "Subdomain",
    "description": "Found subdomain mail.owasp.org",
    "identified_at": null,
    "location": "mail.owasp.org",
    "name": "mail.owasp.org",
    "osi_layer": "NETWORK",
    "severity": "INFORMATIONAL",
  },
  {
    "attributes": {
      "addresses": {
        "asn": null,
        "cidr": null,
        "desc": null,
        "ip": null,
      },
      "domain": "owasp.org",
      "hostname": "thanniversary.owasp.org",
      "ip_addresses": null,
    },
    "category": "Subdomain",
    "description": "Found subdomain thanniversary.owasp.org",
    "identified_at": null,
    "location": "thanniversary.owasp.org",
    "name": "thanniversary.owasp.org",
    "osi_layer": "NETWORK",
    "severity": "INFORMATIONAL",
  },
  {
    "attributes": {
      "addresses": {
        "asn": null,
        "cidr": null,
        "desc": null,
        "ip": null,
      },
      "domain": "owasp.org",
      "hostname": "cheatsheetseries.owasp.org",
      "ip_addresses": null,
    },
    "category": "Subdomain",
    "description": "Found subdomain cheatsheetseries.owasp.org",
    "identified_at": null,
    "location": "cheatsheetseries.owasp.org",
    "name": "cheatsheetseries.owasp.org",
    "osi_layer": "NETWORK",
    "severity": "INFORMATIONAL",
  },
  {
    "attributes": {
      "addresses": {
        "asn": null,
        "cidr": null,
        "desc": null,
        "ip": null,
      },
      "domain": "owasp.org",
      "hostname": "secureflag.owasp.org",
      "ip_addresses": null,
    },
    "category": "Subdomain",
    "description": "Found subdomain secureflag.owasp.org",
    "identified_at": null,
    "location": "secureflag.owasp.org",
    "name": "secureflag.owasp.org",
    "osi_layer": "NETWORK",
    "severity": "INFORMATIONAL",
  },
  {
    "attributes": {
      "addresses": {
        "asn": null,
        "cidr": null,
        "desc": null,
        "ip": null,
      },
      "domain": "owasp.org",
      "hostname": "videos.owasp.org",
      "ip_addresses": null,
    },
    "category": "Subdomain",
    "description": "Found subdomain videos.owasp.org",
    "identified_at": null,
    "location": "videos.owasp.org",
    "name": "videos.owasp.org",
    "osi_layer": "NETWORK",
    "severity": "INFORMATIONAL",
  },
  {
    "attributes": {
      "addresses": {
        "asn": null,
        "cidr": null,
        "desc": null,
        "ip": null,
      },
      "domain": "owasp.org",
      "hostname": "www2.owasp.org",
      "ip_addresses": null,
    },
    "category": "Subdomain",
    "description": "Found subdomain www2.owasp.org",
    "identified_at": null,
    "location": "www2.owasp.org",
    "name": "www2.owasp.org",
    "osi_layer": "NETWORK",
    "severity": "INFORMATIONAL",
  },
  {
    "attributes": {
      "addresses": {
        "asn": null,
        "cidr": null,
        "desc": null,
        "ip": null,
      },
      "domain": "owasp.org",
      "hostname": "dev.owasp.org",
      "ip_addresses": null,
    },
    "category": "Subdomain",
    "description": "Found subdomain dev.owasp.org",
    "identified_at": null,
    "location": "dev.owasp.org",
    "name": "dev.owasp.org",
    "osi_layer": "NETWORK",
    "severity": "INFORMATIONAL",
  },
  {
    "attributes": {
      "addresses": {
        "asn": null,
        "cidr": null,
        "desc": null,
        "ip": null,
      },
      "domain": "owasp.org",
      "hostname": "contact.owasp.org",
      "ip_addresses": null,
    },
    "category": "Subdomain",
    "description": "Found subdomain contact.owasp.org",
    "identified_at": null,
    "location": "contact.owasp.org",
    "name": "contact.owasp.org",
    "osi_layer": "NETWORK",
    "severity": "INFORMATIONAL",
  },
  {
    "attributes": {
      "addresses": {
        "asn": null,
        "cidr": null,
        "desc": null,
        "ip": null,
      },
      "domain": "owasp.org",
      "hostname": "brainbreak.owasp.org",
      "ip_addresses": null,
    },
    "category": "Subdomain",
    "description": "Found subdomain brainbreak.owasp.org",
    "identified_at": null,
    "location": "brainbreak.owasp.org",
    "name": "brainbreak.owasp.org",
    "osi_layer": "NETWORK",
    "severity": "INFORMATIONAL",
  },
  {
    "attributes": {
      "addresses": {
        "asn": null,
        "cidr": null,
        "desc": null,
        "ip": null,
      },
      "domain": "owasp.org",
      "hostname": "gapps.owasp.org",
      "ip_addresses": null,
    },
    "category": "Subdomain",
    "description": "Found subdomain gapps.owasp.org",
    "identified_at": null,
    "location": "gapps.owasp.org",
    "name": "gapps.owasp.org",
    "osi_layer": "NETWORK",
    "severity": "INFORMATIONAL",
  },
  {
    "attributes": {
      "addresses": {
        "asn": null,
        "cidr": null,
        "desc": null,
        "ip": null,
      },
      "domain": "owasp.org",
      "hostname": "ocms.owasp.org",
      "ip_addresses": null,
    },
    "category": "Subdomain",
    "description": "Found subdomain ocms.owasp.org",
    "identified_at": null,
    "location": "ocms.owasp.org",
    "name": "ocms.owasp.org",
    "osi_layer": "NETWORK",
    "severity": "INFORMATIONAL",
  },
  {
    "attributes": {
      "addresses": {
        "asn": null,
        "cidr": null,
        "desc": null,
        "ip": null,
      },
      "domain": "owasp.org",
      "hostname": "training.owasp.org",
      "ip_addresses": null,
    },
    "category": "Subdomain",
    "description": "Found subdomain training.owasp.org",
    "identified_at": null,
    "location": "training.owasp.org",
    "name": "training.owasp.org",
    "osi_layer": "NETWORK",
    "severity": "INFORMATIONAL",
  },
  {
    "attributes": {
      "addresses": {
        "asn": null,
        "cidr": null,
        "desc": null,
        "ip": null,
      },
      "domain": "owasp.org",
      "hostname": "austin.owasp.org",
      "ip_addresses": null,
    },
    "category": "Subdomain",
    "description": "Found subdomain austin.owasp.org",
    "identified_at": null,
    "location": "austin.owasp.org",
    "name": "austin.owasp.org",
    "osi_layer": "NETWORK",
    "severity": "INFORMATIONAL",
  },
  {
    "attributes": {
      "addresses": {
        "asn": null,
        "cidr": null,
        "desc": null,
        "ip": null,
      },
      "domain": "owasp.org",
      "hostname": "name-virt-host.owasp.org",
      "ip_addresses": null,
    },
    "category": "Subdomain",
    "description": "Found subdomain name-virt-host.owasp.org",
    "identified_at": null,
    "location": "name-virt-host.owasp.org",
    "name": "name-virt-host.owasp.org",
    "osi_layer": "NETWORK",
    "severity": "INFORMATIONAL",
  },
  {
    "attributes": {
      "addresses": {
        "asn": null,
        "cidr": null,
        "desc": null,
        "ip": null,
      },
      "domain": "owasp.org",
      "hostname": "lists.owasp.org",
      "ip_addresses": null,
    },
    "category": "Subdomain",
    "description": "Found subdomain lists.owasp.org",
    "identified_at": null,
    "location": "lists.owasp.org",
    "name": "lists.owasp.org",
    "osi_layer": "NETWORK",
    "severity": "INFORMATIONAL",
  },
  {
    "attributes": {
      "addresses": {
        "asn": null,
        "cidr": null,
        "desc": null,
        "ip": null,
      },
      "domain": "owasp.org",
      "hostname": "devsecops.owasp.org",
      "ip_addresses": null,
    },
    "category": "Subdomain",
    "description": "Found subdomain devsecops.owasp.org",
    "identified_at": null,
    "location": "devsecops.owasp.org",
    "name": "devsecops.owasp.org",
    "osi_layer": "NETWORK",
    "severity": "INFORMATIONAL",
  },
  {
    "attributes": {
      "addresses": {
        "asn": null,
        "cidr": null,
        "desc": null,
        "ip": null,
      },
      "domain": "owasp.org",
      "hostname": "giving.owasp.org",
      "ip_addresses": null,
    },
    "category": "Subdomain",
    "description": "Found subdomain giving.owasp.org",
    "identified_at": null,
    "location": "giving.owasp.org",
    "name": "giving.owasp.org",
    "osi_layer": "NETWORK",
    "severity": "INFORMATIONAL",
  },
  {
    "attributes": {
      "addresses": {
        "asn": null,
        "cidr": null,
        "desc": null,
        "ip": null,
      },
      "domain": "owasp.org",
      "hostname": "dsomm.owasp.org",
      "ip_addresses": null,
    },
    "category": "Subdomain",
    "description": "Found subdomain dsomm.owasp.org",
    "identified_at": null,
    "location": "dsomm.owasp.org",
    "name": "dsomm.owasp.org",
    "osi_layer": "NETWORK",
    "severity": "INFORMATIONAL",
  },
  {
    "attributes": {
      "addresses": {
        "asn": null,
        "cidr": null,
        "desc": null,
        "ip": null,
      },
      "domain": "owasp.org",
      "hostname": "mas.owasp.org",
      "ip_addresses": null,
    },
    "category": "Subdomain",
    "description": "Found subdomain mas.owasp.org",
    "identified_at": null,
    "location": "mas.owasp.org",
    "name": "mas.owasp.org",
    "osi_layer": "NETWORK",
    "severity": "INFORMATIONAL",
  },
  {
    "attributes": {
      "addresses": {
        "asn": null,
        "cidr": null,
        "desc": null,
        "ip": null,
      },
      "domain": "owasp.org",
      "hostname": "securecodingdojo.owasp.org",
      "ip_addresses": null,
    },
    "category": "Subdomain",
    "description": "Found subdomain securecodingdojo.owasp.org",
    "identified_at": null,
    "location": "securecodingdojo.owasp.org",
    "name": "securecodingdojo.owasp.org",
    "osi_layer": "NETWORK",
    "severity": "INFORMATIONAL",
  },
  {
    "attributes": {
      "addresses": {
        "asn": null,
        "cidr": null,
        "desc": null,
        "ip": null,
      },
      "domain": "owasp.org",
      "hostname": "scvs.owasp.org",
      "ip_addresses": null,
    },
    "category": "Subdomain",
    "description": "Found subdomain scvs.owasp.org",
    "identified_at": null,
    "location": "scvs.owasp.org",
    "name": "scvs.owasp.org",
    "osi_layer": "NETWORK",
    "severity": "INFORMATIONAL",
  },
  {
    "attributes": {
      "addresses": {
        "asn": null,
        "cidr": null,
        "desc": null,
        "ip": null,
      },
      "domain": "owasp.org",
      "hostname": "docs.owasp.org",
      "ip_addresses": null,
    },
    "category": "Subdomain",
    "description": "Found subdomain docs.owasp.org",
    "identified_at": null,
    "location": "docs.owasp.org",
    "name": "docs.owasp.org",
    "osi_layer": "NETWORK",
    "severity": "INFORMATIONAL",
  },
  {
    "attributes": {
      "addresses": {
        "asn": null,
        "cidr": null,
        "desc": null,
        "ip": null,
      },
      "domain": "owasp.org",
      "hostname": "groups.owasp.org",
      "ip_addresses": null,
    },
    "category": "Subdomain",
    "description": "Found subdomain groups.owasp.org",
    "identified_at": null,
    "location": "groups.owasp.org",
    "name": "groups.owasp.org",
    "osi_layer": "NETWORK",
    "severity": "INFORMATIONAL",
  },
  {
    "attributes": {
      "addresses": {
        "asn": null,
        "cidr": null,
        "desc": null,
        "ip": null,
      },
      "domain": "owasp.org",
      "hostname": "new-wiki.owasp.org",
      "ip_addresses": null,
    },
    "category": "Subdomain",
    "description": "Found subdomain new-wiki.owasp.org",
    "identified_at": null,
    "location": "new-wiki.owasp.org",
    "name": "new-wiki.owasp.org",
    "osi_layer": "NETWORK",
    "severity": "INFORMATIONAL",
  },
  {
    "attributes": {
      "addresses": {
        "asn": null,
        "cidr": null,
        "desc": null,
        "ip": null,
      },
      "domain": "owasp.org",
      "hostname": "mu.owasp.org",
      "ip_addresses": null,
    },
    "category": "Subdomain",
    "description": "Found subdomain mu.owasp.org",
    "identified_at": null,
    "location": "mu.owasp.org",
    "name": "mu.owasp.org",
    "osi_layer": "NETWORK",
    "severity": "INFORMATIONAL",
  },
  {
    "attributes": {
      "addresses": {
        "asn": null,
        "cidr": null,
        "desc": null,
        "ip": null,
      },
      "domain": "owasp.org",
      "hostname": "www.lists.owasp.org",
      "ip_addresses": null,
    },
    "category": "Subdomain",
    "description": "Found subdomain www.lists.owasp.org",
    "identified_at": null,
    "location": "www.lists.owasp.org",
    "name": "www.lists.owasp.org",
    "osi_layer": "NETWORK",
    "severity": "INFORMATIONAL",
  },
  {
    "attributes": {
      "addresses": {
        "asn": null,
        "cidr": null,
        "desc": null,
        "ip": null,
      },
      "domain": "owasp.org",
      "hostname": "tsd.owasp.org",
      "ip_addresses": null,
    },
    "category": "Subdomain",
    "description": "Found subdomain tsd.owasp.org",
    "identified_at": null,
    "location": "tsd.owasp.org",
    "name": "tsd.owasp.org",
    "osi_layer": "NETWORK",
    "severity": "INFORMATIONAL",
  },
  {
    "attributes": {
      "addresses": {
        "asn": null,
        "cidr": null,
        "desc": null,
        "ip": null,
      },
      "domain": "owasp.org",
      "hostname": "www.ocms.owasp.org",
      "ip_addresses": null,
    },
    "category": "Subdomain",
    "description": "Found subdomain www.ocms.owasp.org",
    "identified_at": null,
    "location": "www.ocms.owasp.org",
    "name": "www.ocms.owasp.org",
    "osi_layer": "NETWORK",
    "severity": "INFORMATIONAL",
  },
  {
    "attributes": {
      "addresses": {
        "asn": null,
        "cidr": null,
        "desc": null,
        "ip": null,
      },
      "domain": "owasp.org",
      "hostname": "cheesemonkey.owasp.org",
      "ip_addresses": null,
    },
    "category": "Subdomain",
    "description": "Found subdomain cheesemonkey.owasp.org",
    "identified_at": null,
    "location": "cheesemonkey.owasp.org",
    "name": "cheesemonkey.owasp.org",
    "osi_layer": "NETWORK",
    "severity": "INFORMATIONAL",
  },
  {
    "attributes": {
      "addresses": {
        "asn": null,
        "cidr": null,
        "desc": null,
        "ip": null,
      },
      "domain": "owasp.org",
      "hostname": "tempcali.owasp.org",
      "ip_addresses": null,
    },
    "category": "Subdomain",
    "description": "Found subdomain tempcali.owasp.org",
    "identified_at": null,
    "location": "tempcali.owasp.org",
    "name": "tempcali.owasp.org",
    "osi_layer": "NETWORK",
    "severity": "INFORMATIONAL",
  },
  {
    "attributes": {
      "addresses": {
        "asn": null,
        "cidr": null,
        "desc": null,
        "ip": null,
      },
      "domain": "owasp.org",
      "hostname": "talk.owasp.org",
      "ip_addresses": null,
    },
    "category": "Subdomain",
    "description": "Found subdomain talk.owasp.org",
    "identified_at": null,
    "location": "talk.owasp.org",
    "name": "talk.owasp.org",
    "osi_layer": "NETWORK",
    "severity": "INFORMATIONAL",
  },
  {
    "attributes": {
      "addresses": {
        "asn": null,
        "cidr": null,
        "desc": null,
        "ip": null,
      },
      "domain": "owasp.org",
      "hostname": "haroldtest.owasp.org",
      "ip_addresses": null,
    },
    "category": "Subdomain",
    "description": "Found subdomain haroldtest.owasp.org",
    "identified_at": null,
    "location": "haroldtest.owasp.org",
    "name": "haroldtest.owasp.org",
    "osi_layer": "NETWORK",
    "severity": "INFORMATIONAL",
  },
  {
    "attributes": {
      "addresses": {
        "asn": null,
        "cidr": null,
        "desc": null,
        "ip": null,
      },
      "domain": "owasp.org",
      "hostname": "update-wiki.owasp.org",
      "ip_addresses": null,
    },
    "category": "Subdomain",
    "description": "Found subdomain update-wiki.owasp.org",
    "identified_at": null,
    "location": "update-wiki.owasp.org",
    "name": "update-wiki.owasp.org",
    "osi_layer": "NETWORK",
    "severity": "INFORMATIONAL",
  },
  {
    "attributes": {
      "addresses": {
        "asn": null,
        "cidr": null,
        "desc": null,
        "ip": null,
      },
      "domain": "owasp.org",
      "hostname": "dsandbox.owasp.org",
      "ip_addresses": null,
    },
    "category": "Subdomain",
    "description": "Found subdomain dsandbox.owasp.org",
    "identified_at": null,
    "location": "dsandbox.owasp.org",
    "name": "dsandbox.owasp.org",
    "osi_layer": "NETWORK",
    "severity": "INFORMATIONAL",
  },
  {
    "attributes": {
      "addresses": {
        "asn": null,
        "cidr": null,
        "desc": null,
        "ip": null,
      },
      "domain": "owasp.org",
      "hostname": "discourse.owasp.org",
      "ip_addresses": null,
    },
    "category": "Subdomain",
    "description": "Found subdomain discourse.owasp.org",
    "identified_at": null,
    "location": "discourse.owasp.org",
    "name": "discourse.owasp.org",
    "osi_layer": "NETWORK",
    "severity": "INFORMATIONAL",
  },
  {
    "attributes": {
      "addresses": {
        "asn": null,
        "cidr": null,
        "desc": null,
        "ip": null,
      },
      "domain": "owasp.org",
      "hostname": "ads.owasp.org",
      "ip_addresses": null,
    },
    "category": "Subdomain",
    "description": "Found subdomain ads.owasp.org",
    "identified_at": null,
    "location": "ads.owasp.org",
    "name": "ads.owasp.org",
    "osi_layer": "NETWORK",
    "severity": "INFORMATIONAL",
  },
  {
    "attributes": {
      "addresses": {
        "asn": null,
        "cidr": null,
        "desc": null,
        "ip": null,
      },
      "domain": "owasp.org",
      "hostname": "5c4171004230818351034.owasp.org",
      "ip_addresses": null,
    },
    "category": "Subdomain",
    "description": "Found subdomain 5c4171004230818351034.owasp.org",
    "identified_at": null,
    "location": "5c4171004230818351034.owasp.org",
    "name": "5c4171004230818351034.owasp.org",
    "osi_layer": "NETWORK",
    "severity": "INFORMATIONAL",
  },
  {
    "attributes": {
      "addresses": {
        "asn": null,
        "cidr": null,
        "desc": null,
        "ip": null,
      },
      "domain": "owasp.org",
      "hostname": "admin.owasp.org",
      "ip_addresses": null,
    },
    "category": "Subdomain",
    "description": "Found subdomain admin.owasp.org",
    "identified_at": null,
    "location": "admin.owasp.org",
    "name": "admin.owasp.org",
    "osi_layer": "NETWORK",
    "severity": "INFORMATIONAL",
  },
  {
    "attributes": {
      "addresses": {
        "asn": null,
        "cidr": null,
        "desc": null,
        "ip": null,
      },
      "domain": "owasp.org",
      "hostname": "ftp.owasp.org",
      "ip_addresses": null,
    },
    "category": "Subdomain",
    "description": "Found subdomain ftp.owasp.org",
    "identified_at": null,
    "location": "ftp.owasp.org",
    "name": "ftp.owasp.org",
    "osi_layer": "NETWORK",
    "severity": "INFORMATIONAL",
  },
  {
    "attributes": {
      "addresses": {
        "asn": null,
        "cidr": null,
        "desc": null,
        "ip": null,
      },
      "domain": "owasp.org",
      "hostname": "forum.owasp.org",
      "ip_addresses": null,
    },
    "category": "Subdomain",
    "description": "Found subdomain forum.owasp.org",
    "identified_at": null,
    "location": "forum.owasp.org",
    "name": "forum.owasp.org",
    "osi_layer": "NETWORK",
    "severity": "INFORMATIONAL",
  },
  {
    "attributes": {
      "addresses": {
        "asn": null,
        "cidr": null,
        "desc": null,
        "ip": null,
      },
      "domain": "owasp.org",
      "hostname": "esvnjfkee.owasp.org",
      "ip_addresses": null,
    },
    "category": "Subdomain",
    "description": "Found subdomain esvnjfkee.owasp.org",
    "identified_at": null,
    "location": "esvnjfkee.owasp.org",
    "name": "esvnjfkee.owasp.org",
    "osi_layer": "NETWORK",
    "severity": "INFORMATIONAL",
  },
  {
    "attributes": {
      "addresses": {
        "asn": null,
        "cidr": null,
        "desc": null,
        "ip": null,
      },
      "domain": "owasp.org",
      "hostname": "wwww.owasp.org",
      "ip_addresses": null,
    },
    "category": "Subdomain",
    "description": "Found subdomain wwww.owasp.org",
    "identified_at": null,
    "location": "wwww.owasp.org",
    "name": "wwww.owasp.org",
    "osi_layer": "NETWORK",
    "severity": "INFORMATIONAL",
  },
  {
    "attributes": {
      "addresses": {
        "asn": null,
        "cidr": null,
        "desc": null,
        "ip": null,
      },
      "domain": "owasp.org",
      "hostname": "www.my.owasp.org",
      "ip_addresses": null,
    },
    "category": "Subdomain",
    "description": "Found subdomain www.my.owasp.org",
    "identified_at": null,
    "location": "www.my.owasp.org",
    "name": "www.my.owasp.org",
    "osi_layer": "NETWORK",
    "severity": "INFORMATIONAL",
  },
  {
    "attributes": {
      "addresses": {
        "asn": null,
        "cidr": null,
        "desc": null,
        "ip": null,
      },
      "domain": "owasp.org",
      "hostname": "ww.owasp.org",
      "ip_addresses": null,
    },
    "category": "Subdomain",
    "description": "Found subdomain ww.owasp.org",
    "identified_at": null,
    "location": "ww.owasp.org",
    "name": "ww.owasp.org",
    "osi_layer": "NETWORK",
    "severity": "INFORMATIONAL",
  },
  {
    "attributes": {
      "addresses": {
        "asn": null,
        "cidr": null,
        "desc": null,
        "ip": null,
      },
      "domain": "owasp.org",
      "hostname": "webmail.owasp.org",
      "ip_addresses": null,
    },
    "category": "Subdomain",
    "description": "Found subdomain webmail.owasp.org",
    "identified_at": null,
    "location": "webmail.owasp.org",
    "name": "webmail.owasp.org",
    "osi_layer": "NETWORK",
    "severity": "INFORMATIONAL",
  },
  {
    "attributes": {
      "addresses": {
        "asn": null,
        "cidr": null,
        "desc": null,
        "ip": null,
      },
      "domain": "owasp.org",
      "hostname": "webgoat.owasp.org",
      "ip_addresses": null,
    },
    "category": "Subdomain",
    "description": "Found subdomain webgoat.owasp.org",
    "identified_at": null,
    "location": "webgoat.owasp.org",
    "name": "webgoat.owasp.org",
    "osi_layer": "NETWORK",
    "severity": "INFORMATIONAL",
  },
  {
    "attributes": {
      "addresses": {
        "asn": null,
        "cidr": null,
        "desc": null,
        "ip": null,
      },
      "domain": "owasp.org",
      "hostname": "stin.owasp.org",
      "ip_addresses": null,
    },
    "category": "Subdomain",
    "description": "Found subdomain stin.owasp.org",
    "identified_at": null,
    "location": "stin.owasp.org",
    "name": "stin.owasp.org",
    "osi_layer": "NETWORK",
    "severity": "INFORMATIONAL",
  },
  {
    "attributes": {
      "addresses": {
        "asn": null,
        "cidr": null,
        "desc": null,
        "ip": null,
      },
      "domain": "owasp.org",
      "hostname": "registration.owasp.org",
      "ip_addresses": null,
    },
    "category": "Subdomain",
    "description": "Found subdomain registration.owasp.org",
    "identified_at": null,
    "location": "registration.owasp.org",
    "name": "registration.owasp.org",
    "osi_layer": "NETWORK",
    "severity": "INFORMATIONAL",
  },
  {
    "attributes": {
      "addresses": {
        "asn": null,
        "cidr": null,
        "desc": null,
        "ip": null,
      },
      "domain": "owasp.org",
      "hostname": "phpsec.owasp.org",
      "ip_addresses": null,
    },
    "category": "Subdomain",
    "description": "Found subdomain phpsec.owasp.org",
    "identified_at": null,
    "location": "phpsec.owasp.org",
    "name": "phpsec.owasp.org",
    "osi_layer": "NETWORK",
    "severity": "INFORMATIONAL",
  },
  {
    "attributes": {
      "addresses": {
        "asn": null,
        "cidr": null,
        "desc": null,
        "ip": null,
      },
      "domain": "owasp.org",
      "hostname": "owasp4.owasp.org",
      "ip_addresses": null,
    },
    "category": "Subdomain",
    "description": "Found subdomain owasp4.owasp.org",
    "identified_at": null,
    "location": "owasp4.owasp.org",
    "name": "owasp4.owasp.org",
    "osi_layer": "NETWORK",
    "severity": "INFORMATIONAL",
  },
  {
    "attributes": {
      "addresses": {
        "asn": null,
        "cidr": null,
        "desc": null,
        "ip": null,
      },
      "domain": "owasp.org",
      "hostname": "old.owasp.org",
      "ip_addresses": null,
    },
    "category": "Subdomain",
    "description": "Found subdomain old.owasp.org",
    "identified_at": null,
    "location": "old.owasp.org",
    "name": "old.owasp.org",
    "osi_layer": "NETWORK",
    "severity": "INFORMATIONAL",
  },
  {
    "attributes": {
      "addresses": {
        "asn": null,
        "cidr": null,
        "desc": null,
        "ip": null,
      },
      "domain": "owasp.org",
      "hostname": "my.owasp.org",
      "ip_addresses": null,
    },
    "category": "Subdomain",
    "description": "Found subdomain my.owasp.org",
    "identified_at": null,
    "location": "my.owasp.org",
    "name": "my.owasp.org",
    "osi_layer": "NETWORK",
    "severity": "INFORMATIONAL",
  },
  {
    "attributes": {
      "addresses": {
        "asn": null,
        "cidr": null,
        "desc": null,
        "ip": null,
      },
      "domain": "owasp.org",
      "hostname": "ml1.owasp.org",
      "ip_addresses": null,
    },
    "category": "Subdomain",
    "description": "Found subdomain ml1.owasp.org",
    "identified_at": null,
    "location": "ml1.owasp.org",
    "name": "ml1.owasp.org",
    "osi_layer": "NETWORK",
    "severity": "INFORMATIONAL",
  },
  {
    "attributes": {
      "addresses": {
        "asn": null,
        "cidr": null,
        "desc": null,
        "ip": null,
      },
      "domain": "owasp.org",
      "hostname": "ml1lists.owasp.org",
      "ip_addresses": null,
    },
    "category": "Subdomain",
    "description": "Found subdomain ml1lists.owasp.org",
    "identified_at": null,
    "location": "ml1lists.owasp.org",
    "name": "ml1lists.owasp.org",
    "osi_layer": "NETWORK",
    "severity": "INFORMATIONAL",
  },
  {
    "attributes": {
      "addresses": {
        "asn": null,
        "cidr": null,
        "desc": null,
        "ip": null,
      },
      "domain": "owasp.org",
      "hostname": "lessons.webgoat.owasp.org",
      "ip_addresses": null,
    },
    "category": "Subdomain",
    "description": "Found subdomain lessons.webgoat.owasp.org",
    "identified_at": null,
    "location": "lessons.webgoat.owasp.org",
    "name": "lessons.webgoat.owasp.org",
    "osi_layer": "NETWORK",
    "severity": "INFORMATIONAL",
  },
  {
    "attributes": {
      "addresses": {
        "asn": null,
        "cidr": null,
        "desc": null,
        "ip": null,
      },
      "domain": "owasp.org",
      "hostname": "jobs.owasp.org",
      "ip_addresses": null,
    },
    "category": "Subdomain",
    "description": "Found subdomain jobs.owasp.org",
    "identified_at": null,
    "location": "jobs.owasp.org",
    "name": "jobs.owasp.org",
    "osi_layer": "NETWORK",
    "severity": "INFORMATIONAL",
  },
  {
    "attributes": {
      "addresses": {
        "asn": null,
        "cidr": null,
        "desc": null,
        "ip": null,
      },
      "domain": "owasp.org",
      "hostname": "es.owasp.org",
      "ip_addresses": null,
    },
    "category": "Subdomain",
    "description": "Found subdomain es.owasp.org",
    "identified_at": null,
    "location": "es.owasp.org",
    "name": "es.owasp.org",
    "osi_layer": "NETWORK",
    "severity": "INFORMATIONAL",
  },
  {
    "attributes": {
      "addresses": {
        "asn": null,
        "cidr": null,
        "desc": null,
        "ip": null,
      },
      "domain": "owasp.org",
      "hostname": "blogs.owasp.org",
      "ip_addresses": null,
    },
    "category": "Subdomain",
    "description": "Found subdomain blogs.owasp.org",
    "identified_at": null,
    "location": "blogs.owasp.org",
    "name": "blogs.owasp.org",
    "osi_layer": "NETWORK",
    "severity": "INFORMATIONAL",
  },
  {
    "attributes": {
      "addresses": {
        "asn": null,
        "cidr": null,
        "desc": null,
        "ip": null,
      },
      "domain": "owasp.org",
      "hostname": "beta.owasp.org",
      "ip_addresses": null,
    },
    "category": "Subdomain",
    "description": "Found subdomain beta.owasp.org",
    "identified_at": null,
    "location": "beta.owasp.org",
    "name": "beta.owasp.org",
    "osi_layer": "NETWORK",
    "severity": "INFORMATIONAL",
  },
]
`;
