// Jest Snapshot v1, https://goo.gl/fbAQLP

exports[`parser parses example.com sqlite results database successfully 1`] = `
[
  {
    "attributes": {
      "addresses": {
        "asn": 15133,
        "cidr": "93.184.216.0/24",
        "desc": "EDGECAST - MCI Communications Services, Inc. d/b/a Verizon Business",
        "ip": "93.184.216.34",
      },
      "domain": "example.com",
      "hostname": "example.com",
      "ip_addresses": "93.184.216.34",
    },
    "category": "Subdomain",
    "description": "Found subdomain example.com",
    "identified_at": null,
    "location": "example.com",
    "name": "example.com",
    "osi_layer": "NETWORK",
    "severity": "INFORMATIONAL",
  },
  {
    "attributes": {
      "addresses": {
        "asn": 15133,
        "cidr": "93.184.216.0/24",
        "desc": "EDGECAST - MCI Communications Services, Inc. d/b/a Verizon Business",
        "ip": "93.184.216.34",
      },
      "domain": "example.com",
      "hostname": "www.example.com",
      "ip_addresses": "93.184.216.34",
    },
    "category": "Subdomain",
    "description": "Found subdomain www.example.com",
    "identified_at": null,
    "location": "www.example.com",
    "name": "www.example.com",
    "osi_layer": "NETWORK",
    "severity": "INFORMATIONAL",
  },
  {
    "attributes": {
      "addresses": {
        "asn": 15133,
        "cidr": "2606:2800:220::/48",
        "desc": "EDGECAST - MCI Communications Services, Inc. d/b/a Verizon Business",
        "ip": "2606:2800:220:1:248:1893:25c8:1946",
      },
      "domain": "example.com",
      "hostname": "example.com",
      "ip_addresses": "2606:2800:220:1:248:1893:25c8:1946",
    },
    "category": "Subdomain",
    "description": "Found subdomain example.com",
    "identified_at": null,
    "location": "example.com",
    "name": "example.com",
    "osi_layer": "NETWORK",
    "severity": "INFORMATIONAL",
  },
  {
    "attributes": {
      "addresses": {
        "asn": 15133,
        "cidr": "2606:2800:220::/48",
        "desc": "EDGECAST - MCI Communications Services, Inc. d/b/a Verizon Business",
        "ip": "2606:2800:220:1:248:1893:25c8:1946",
      },
      "domain": "example.com",
      "hostname": "www.example.com",
      "ip_addresses": "2606:2800:220:1:248:1893:25c8:1946",
    },
    "category": "Subdomain",
    "description": "Found subdomain www.example.com",
    "identified_at": null,
    "location": "www.example.com",
    "name": "www.example.com",
    "osi_layer": "NETWORK",
    "severity": "INFORMATIONAL",
  },
  {
    "attributes": {
      "addresses": {
        "asn": 26710,
        "cidr": "199.43.135.0/24",
        "desc": "ICANN-ANYCASTED-SERVICES - ICANN",
        "ip": "199.43.135.53",
      },
      "domain": "example.com",
      "hostname": "a.iana-servers.net",
      "ip_addresses": "199.43.135.53",
    },
    "category": "Subdomain",
    "description": "Found subdomain a.iana-servers.net",
    "identified_at": null,
    "location": "a.iana-servers.net",
    "name": "a.iana-servers.net",
    "osi_layer": "NETWORK",
    "severity": "INFORMATIONAL",
  },
  {
    "attributes": {
      "addresses": {
        "asn": 26710,
        "cidr": "2001:500:8f::/48",
        "desc": "ICANN-ANYCASTED-SERVICES - ICANN",
        "ip": "2001:500:8f::53",
      },
      "domain": "example.com",
      "hostname": "a.iana-servers.net",
      "ip_addresses": "2001:500:8f::53",
    },
    "category": "Subdomain",
    "description": "Found subdomain a.iana-servers.net",
    "identified_at": null,
    "location": "a.iana-servers.net",
    "name": "a.iana-servers.net",
    "osi_layer": "NETWORK",
    "severity": "INFORMATIONAL",
  },
  {
    "attributes": {
      "addresses": {
        "asn": 26710,
        "cidr": "2001:500:8d::/48",
        "desc": "ICANN-ANYCASTED-SERVICES - ICANN",
        "ip": "2001:500:8d::53",
      },
      "domain": "example.com",
      "hostname": "b.iana-servers.net",
      "ip_addresses": "2001:500:8d::53",
    },
    "category": "Subdomain",
    "description": "Found subdomain b.iana-servers.net",
    "identified_at": null,
    "location": "b.iana-servers.net",
    "name": "b.iana-servers.net",
    "osi_layer": "NETWORK",
    "severity": "INFORMATIONAL",
  },
  {
    "attributes": {
      "addresses": {
        "asn": 26710,
        "cidr": "199.43.133.0/24",
        "desc": "ICANN-ANYCASTED-SERVICES - ICANN",
        "ip": "199.43.133.53",
      },
      "domain": "example.com",
      "hostname": "b.iana-servers.net",
      "ip_addresses": "199.43.133.53",
    },
    "category": "Subdomain",
    "description": "Found subdomain b.iana-servers.net",
    "identified_at": null,
    "location": "b.iana-servers.net",
    "name": "b.iana-servers.net",
    "osi_layer": "NETWORK",
    "severity": "INFORMATIONAL",
  },
]
`;
