// Jest Snapshot v1, https://goo.gl/fbAQLP

exports[`example parser parses large json result successfully 1`] = `
Array [
  Object {
    "attributes": Object {
      "addresses": Array [
        Object {
          "asn": 24940,
          "cidr": "138.201.0.0/16",
          "desc": "HETZNER-AS ",
          "ip": "138.201.126.99",
        },
      ],
      "domain": "securecodebox.io",
      "name": "grafana.securecodebox.io",
      "source": "Entrust",
      "tag": "cert",
    },
    "category": "Subdomain",
    "description": "Found subdomain grafana.securecodebox.io",
    "hostname": "grafana.securecodebox.io",
    "name": "grafana.securecodebox.io",
    "osi_layer": "NETWORK",
    "severity": "INFORMATIONAL",
  },
  Object {
    "attributes": Object {
      "addresses": Array [
        Object {
          "asn": 24940,
          "cidr": "138.201.0.0/16",
          "desc": "HETZNER-AS ",
          "ip": "138.201.126.99",
        },
      ],
      "domain": "securecodebox.io",
      "name": "kibana.securecodebox.io",
      "source": "Entrust",
      "tag": "cert",
    },
    "category": "Subdomain",
    "description": "Found subdomain kibana.securecodebox.io",
    "hostname": "kibana.securecodebox.io",
    "name": "kibana.securecodebox.io",
    "osi_layer": "NETWORK",
    "severity": "INFORMATIONAL",
  },
  Object {
    "attributes": Object {
      "addresses": Array [
        Object {
          "asn": 24940,
          "cidr": "138.201.0.0/16",
          "desc": "HETZNER-AS ",
          "ip": "138.201.126.99",
        },
      ],
      "domain": "securecodebox.io",
      "name": "build.securecodebox.io",
      "source": "Entrust",
      "tag": "cert",
    },
    "category": "Subdomain",
    "description": "Found subdomain build.securecodebox.io",
    "hostname": "build.securecodebox.io",
    "name": "build.securecodebox.io",
    "osi_layer": "NETWORK",
    "severity": "INFORMATIONAL",
  },
  Object {
    "attributes": Object {
      "addresses": Array [
        Object {
          "asn": 24940,
          "cidr": "138.201.0.0/16",
          "desc": "HETZNER-AS ",
          "ip": "138.201.126.99",
        },
      ],
      "domain": "securecodebox.io",
      "name": "monitoring.securecodebox.io",
      "source": "Entrust",
      "tag": "cert",
    },
    "category": "Subdomain",
    "description": "Found subdomain monitoring.securecodebox.io",
    "hostname": "monitoring.securecodebox.io",
    "name": "monitoring.securecodebox.io",
    "osi_layer": "NETWORK",
    "severity": "INFORMATIONAL",
  },
  Object {
    "attributes": Object {
      "addresses": Array [
        Object {
          "asn": 24940,
          "cidr": "138.201.0.0/16",
          "desc": "HETZNER-AS ",
          "ip": "138.201.126.99",
        },
      ],
      "domain": "securecodebox.io",
      "name": "ui.securecodebox.io",
      "source": "Entrust",
      "tag": "cert",
    },
    "category": "Subdomain",
    "description": "Found subdomain ui.securecodebox.io",
    "hostname": "ui.securecodebox.io",
    "name": "ui.securecodebox.io",
    "osi_layer": "NETWORK",
    "severity": "INFORMATIONAL",
  },
  Object {
    "attributes": Object {
      "addresses": Array [
        Object {
          "asn": 24940,
          "cidr": "138.201.0.0/16",
          "desc": "HETZNER-AS ",
          "ip": "138.201.126.99",
        },
      ],
      "domain": "securecodebox.io",
      "name": "juiceshop.securecodebox.io",
      "source": "Entrust",
      "tag": "cert",
    },
    "category": "Subdomain",
    "description": "Found subdomain juiceshop.securecodebox.io",
    "hostname": "juiceshop.securecodebox.io",
    "name": "juiceshop.securecodebox.io",
    "osi_layer": "NETWORK",
    "severity": "INFORMATIONAL",
  },
  Object {
    "attributes": Object {
      "addresses": Array [
        Object {
          "asn": 24940,
          "cidr": "138.201.0.0/16",
          "desc": "HETZNER-AS ",
          "ip": "138.201.126.99",
        },
      ],
      "domain": "securecodebox.io",
      "name": "wpscan.securecodebox.io",
      "source": "Entrust",
      "tag": "cert",
    },
    "category": "Subdomain",
    "description": "Found subdomain wpscan.securecodebox.io",
    "hostname": "wpscan.securecodebox.io",
    "name": "wpscan.securecodebox.io",
    "osi_layer": "NETWORK",
    "severity": "INFORMATIONAL",
  },
  Object {
    "attributes": Object {
      "addresses": Array [
        Object {
          "asn": 24940,
          "cidr": "138.201.0.0/16",
          "desc": "HETZNER-AS ",
          "ip": "138.201.126.99",
        },
      ],
      "domain": "securecodebox.io",
      "name": "hack.securecodebox.io",
      "source": "Entrust",
      "tag": "cert",
    },
    "category": "Subdomain",
    "description": "Found subdomain hack.securecodebox.io",
    "hostname": "hack.securecodebox.io",
    "name": "hack.securecodebox.io",
    "osi_layer": "NETWORK",
    "severity": "INFORMATIONAL",
  },
  Object {
    "attributes": Object {
      "addresses": Array [
        Object {
          "asn": 24940,
          "cidr": "138.201.0.0/16",
          "desc": "HETZNER-AS ",
          "ip": "138.201.126.99",
        },
      ],
      "domain": "securecodebox.io",
      "name": "spider.securecodebox.io",
      "source": "Entrust",
      "tag": "cert",
    },
    "category": "Subdomain",
    "description": "Found subdomain spider.securecodebox.io",
    "hostname": "spider.securecodebox.io",
    "name": "spider.securecodebox.io",
    "osi_layer": "NETWORK",
    "severity": "INFORMATIONAL",
  },
  Object {
    "attributes": Object {
      "addresses": Array [
        Object {
          "asn": 24940,
          "cidr": "138.201.0.0/16",
          "desc": "HETZNER-AS ",
          "ip": "138.201.126.99",
        },
      ],
      "domain": "securecodebox.io",
      "name": "www.securecodebox.io",
      "source": "Entrust",
      "tag": "cert",
    },
    "category": "Subdomain",
    "description": "Found subdomain www.securecodebox.io",
    "hostname": "www.securecodebox.io",
    "name": "www.securecodebox.io",
    "osi_layer": "NETWORK",
    "severity": "INFORMATIONAL",
  },
  Object {
    "attributes": Object {
      "addresses": Array [
        Object {
          "asn": 24940,
          "cidr": "138.201.0.0/16",
          "desc": "HETZNER-AS ",
          "ip": "138.201.126.99",
        },
      ],
      "domain": "securecodebox.io",
      "name": "rancher.securecodebox.io",
      "source": "Entrust",
      "tag": "cert",
    },
    "category": "Subdomain",
    "description": "Found subdomain rancher.securecodebox.io",
    "hostname": "rancher.securecodebox.io",
    "name": "rancher.securecodebox.io",
    "osi_layer": "NETWORK",
    "severity": "INFORMATIONAL",
  },
  Object {
    "attributes": Object {
      "addresses": Array [
        Object {
          "asn": 24940,
          "cidr": "138.201.0.0/16",
          "desc": "HETZNER-AS ",
          "ip": "138.201.126.99",
        },
      ],
      "domain": "securecodebox.io",
      "name": "backend.securecodebox.io",
      "source": "Entrust",
      "tag": "cert",
    },
    "category": "Subdomain",
    "description": "Found subdomain backend.securecodebox.io",
    "hostname": "backend.securecodebox.io",
    "name": "backend.securecodebox.io",
    "osi_layer": "NETWORK",
    "severity": "INFORMATIONAL",
  },
  Object {
    "attributes": Object {
      "addresses": Array [
        Object {
          "asn": 24940,
          "cidr": "138.201.0.0/16",
          "desc": "HETZNER-AS ",
          "ip": "138.201.126.99",
        },
      ],
      "domain": "securecodebox.io",
      "name": "zap.securecodebox.io",
      "source": "Entrust",
      "tag": "cert",
    },
    "category": "Subdomain",
    "description": "Found subdomain zap.securecodebox.io",
    "hostname": "zap.securecodebox.io",
    "name": "zap.securecodebox.io",
    "osi_layer": "NETWORK",
    "severity": "INFORMATIONAL",
  },
  Object {
    "attributes": Object {
      "addresses": Array [
        Object {
          "asn": 24940,
          "cidr": "138.201.0.0/16",
          "desc": "HETZNER-AS ",
          "ip": "138.201.126.99",
        },
      ],
      "domain": "securecodebox.io",
      "name": "bodgeit.securecodebox.io",
      "source": "Entrust",
      "tag": "cert",
    },
    "category": "Subdomain",
    "description": "Found subdomain bodgeit.securecodebox.io",
    "hostname": "bodgeit.securecodebox.io",
    "name": "bodgeit.securecodebox.io",
    "osi_layer": "NETWORK",
    "severity": "INFORMATIONAL",
  },
  Object {
    "attributes": Object {
      "addresses": Array [
        Object {
          "asn": 24940,
          "cidr": "138.201.0.0/16",
          "desc": "HETZNER-AS ",
          "ip": "138.201.126.99",
        },
      ],
      "domain": "securecodebox.io",
      "name": "api-management.securecodebox.io",
      "source": "Entrust",
      "tag": "cert",
    },
    "category": "Subdomain",
    "description": "Found subdomain api-management.securecodebox.io",
    "hostname": "api-management.securecodebox.io",
    "name": "api-management.securecodebox.io",
    "osi_layer": "NETWORK",
    "severity": "INFORMATIONAL",
  },
  Object {
    "attributes": Object {
      "addresses": Array [
        Object {
          "asn": 24940,
          "cidr": "138.201.0.0/16",
          "desc": "HETZNER-AS ",
          "ip": "138.201.126.99",
        },
      ],
      "domain": "securecodebox.io",
      "name": "dvwa.securecodebox.io",
      "source": "Entrust",
      "tag": "cert",
    },
    "category": "Subdomain",
    "description": "Found subdomain dvwa.securecodebox.io",
    "hostname": "dvwa.securecodebox.io",
    "name": "dvwa.securecodebox.io",
    "osi_layer": "NETWORK",
    "severity": "INFORMATIONAL",
  },
  Object {
    "attributes": Object {
      "addresses": Array [
        Object {
          "asn": 24940,
          "cidr": "138.201.0.0/16",
          "desc": "HETZNER-AS ",
          "ip": "138.201.126.99",
        },
      ],
      "domain": "securecodebox.io",
      "name": "prometheus.securecodebox.io",
      "source": "Entrust",
      "tag": "cert",
    },
    "category": "Subdomain",
    "description": "Found subdomain prometheus.securecodebox.io",
    "hostname": "prometheus.securecodebox.io",
    "name": "prometheus.securecodebox.io",
    "osi_layer": "NETWORK",
    "severity": "INFORMATIONAL",
  },
  Object {
    "attributes": Object {
      "addresses": Array [
        Object {
          "asn": 24940,
          "cidr": "138.201.0.0/16",
          "desc": "HETZNER-AS ",
          "ip": "138.201.126.99",
        },
      ],
      "domain": "securecodebox.io",
      "name": "engine.securecodebox.io",
      "source": "Entrust",
      "tag": "cert",
    },
    "category": "Subdomain",
    "description": "Found subdomain engine.securecodebox.io",
    "hostname": "engine.securecodebox.io",
    "name": "engine.securecodebox.io",
    "osi_layer": "NETWORK",
    "severity": "INFORMATIONAL",
  },
  Object {
    "attributes": Object {
      "addresses": Array [
        Object {
          "asn": 24940,
          "cidr": "138.201.0.0/16",
          "desc": "HETZNER-AS ",
          "ip": "138.201.126.99",
        },
      ],
      "domain": "securecodebox.io",
      "name": "logging.securecodebox.io",
      "source": "Entrust",
      "tag": "cert",
    },
    "category": "Subdomain",
    "description": "Found subdomain logging.securecodebox.io",
    "hostname": "logging.securecodebox.io",
    "name": "logging.securecodebox.io",
    "osi_layer": "NETWORK",
    "severity": "INFORMATIONAL",
  },
  Object {
    "attributes": Object {
      "addresses": Array [
        Object {
          "asn": 24940,
          "cidr": "138.201.0.0/16",
          "desc": "HETZNER-AS ",
          "ip": "138.201.126.99",
        },
      ],
      "domain": "securecodebox.io",
      "name": "petstoreapi.securecodebox.io",
      "source": "Entrust",
      "tag": "cert",
    },
    "category": "Subdomain",
    "description": "Found subdomain petstoreapi.securecodebox.io",
    "hostname": "petstoreapi.securecodebox.io",
    "name": "petstoreapi.securecodebox.io",
    "osi_layer": "NETWORK",
    "severity": "INFORMATIONAL",
  },
  Object {
    "attributes": Object {
      "addresses": Array [
        Object {
          "asn": 24940,
          "cidr": "138.201.0.0/16",
          "desc": "HETZNER-AS ",
          "ip": "138.201.126.99",
        },
      ],
      "domain": "securecodebox.io",
      "name": "jenkins.securecodebox.io",
      "source": "Entrust",
      "tag": "cert",
    },
    "category": "Subdomain",
    "description": "Found subdomain jenkins.securecodebox.io",
    "hostname": "jenkins.securecodebox.io",
    "name": "jenkins.securecodebox.io",
    "osi_layer": "NETWORK",
    "severity": "INFORMATIONAL",
  },
  Object {
    "attributes": Object {
      "addresses": Array [
        Object {
          "asn": 24940,
          "cidr": "138.201.0.0/16",
          "desc": "HETZNER-AS ",
          "ip": "138.201.126.99",
        },
      ],
      "domain": "securecodebox.io",
      "name": "bridge.securecodebox.io",
      "source": "Entrust",
      "tag": "cert",
    },
    "category": "Subdomain",
    "description": "Found subdomain bridge.securecodebox.io",
    "hostname": "bridge.securecodebox.io",
    "name": "bridge.securecodebox.io",
    "osi_layer": "NETWORK",
    "severity": "INFORMATIONAL",
  },
  Object {
    "attributes": Object {
      "addresses": Array [
        Object {
          "asn": 24940,
          "cidr": "138.201.0.0/16",
          "desc": "HETZNER-AS ",
          "ip": "138.201.126.99",
        },
      ],
      "domain": "securecodebox.io",
      "name": "petstore.securecodebox.io",
      "source": "Entrust",
      "tag": "cert",
    },
    "category": "Subdomain",
    "description": "Found subdomain petstore.securecodebox.io",
    "hostname": "petstore.securecodebox.io",
    "name": "petstore.securecodebox.io",
    "osi_layer": "NETWORK",
    "severity": "INFORMATIONAL",
  },
  Object {
    "attributes": Object {
      "addresses": Array [
        Object {
          "asn": 24940,
          "cidr": "138.201.0.0/16",
          "desc": "HETZNER-AS ",
          "ip": "138.201.126.99",
        },
      ],
      "domain": "securecodebox.io",
      "name": "sslyze.securecodebox.io",
      "source": "Entrust",
      "tag": "cert",
    },
    "category": "Subdomain",
    "description": "Found subdomain sslyze.securecodebox.io",
    "hostname": "sslyze.securecodebox.io",
    "name": "sslyze.securecodebox.io",
    "osi_layer": "NETWORK",
    "severity": "INFORMATIONAL",
  },
  Object {
    "attributes": Object {
      "addresses": Array [
        Object {
          "asn": 24940,
          "cidr": "138.201.0.0/16",
          "desc": "HETZNER-AS ",
          "ip": "138.201.126.99",
        },
      ],
      "domain": "securecodebox.io",
      "name": "scanner.securecodebox.io",
      "source": "Entrust",
      "tag": "cert",
    },
    "category": "Subdomain",
    "description": "Found subdomain scanner.securecodebox.io",
    "hostname": "scanner.securecodebox.io",
    "name": "scanner.securecodebox.io",
    "osi_layer": "NETWORK",
    "severity": "INFORMATIONAL",
  },
  Object {
    "attributes": Object {
      "addresses": Array [
        Object {
          "asn": 24940,
          "cidr": "138.201.0.0/16",
          "desc": "HETZNER-AS ",
          "ip": "138.201.126.99",
        },
      ],
      "domain": "securecodebox.io",
      "name": "sieve.securecodebox.io",
      "source": "Entrust",
      "tag": "cert",
    },
    "category": "Subdomain",
    "description": "Found subdomain sieve.securecodebox.io",
    "hostname": "sieve.securecodebox.io",
    "name": "sieve.securecodebox.io",
    "osi_layer": "NETWORK",
    "severity": "INFORMATIONAL",
  },
  Object {
    "attributes": Object {
      "addresses": Array [
        Object {
          "asn": 24940,
          "cidr": "138.201.0.0/16",
          "desc": "HETZNER-AS ",
          "ip": "138.201.126.99",
        },
      ],
      "domain": "securecodebox.io",
      "name": "securecodebox.io",
      "source": "Forward DNS",
      "tag": "dns",
    },
    "category": "Subdomain",
    "description": "Found subdomain securecodebox.io",
    "hostname": "securecodebox.io",
    "name": "securecodebox.io",
    "osi_layer": "NETWORK",
    "severity": "INFORMATIONAL",
  },
  Object {
    "attributes": Object {
      "addresses": Array [
        Object {
          "asn": 24940,
          "cidr": "138.201.0.0/16",
          "desc": "HETZNER-AS ",
          "ip": "138.201.126.99",
        },
      ],
      "domain": "securecodebox.io",
      "name": "gateway.securecodebox.io",
      "source": "Entrust",
      "tag": "cert",
    },
    "category": "Subdomain",
    "description": "Found subdomain gateway.securecodebox.io",
    "hostname": "gateway.securecodebox.io",
    "name": "gateway.securecodebox.io",
    "osi_layer": "NETWORK",
    "severity": "INFORMATIONAL",
  },
  Object {
    "attributes": Object {
      "addresses": Array [
        Object {
          "asn": 24940,
          "cidr": "138.201.0.0/16",
          "desc": "HETZNER-AS ",
          "ip": "138.201.126.99",
        },
      ],
      "domain": "securecodebox.io",
      "name": "sso.securecodebox.io",
      "source": "Entrust",
      "tag": "cert",
    },
    "category": "Subdomain",
    "description": "Found subdomain sso.securecodebox.io",
    "hostname": "sso.securecodebox.io",
    "name": "sso.securecodebox.io",
    "osi_layer": "NETWORK",
    "severity": "INFORMATIONAL",
  },
  Object {
    "attributes": Object {
      "addresses": Array [
        Object {
          "asn": 24940,
          "cidr": "138.201.0.0/16",
          "desc": "HETZNER-AS ",
          "ip": "138.201.126.99",
        },
      ],
      "domain": "securecodebox.io",
      "name": "test.securecodebox.io",
      "source": "Entrust",
      "tag": "cert",
    },
    "category": "Subdomain",
    "description": "Found subdomain test.securecodebox.io",
    "hostname": "test.securecodebox.io",
    "name": "test.securecodebox.io",
    "osi_layer": "NETWORK",
    "severity": "INFORMATIONAL",
  },
  Object {
    "attributes": Object {
      "addresses": Array [
        Object {
          "asn": 24940,
          "cidr": "138.201.0.0/16",
          "desc": "HETZNER-AS ",
          "ip": "138.201.126.99",
        },
      ],
      "domain": "securecodebox.io",
      "name": "elasticsearch.securecodebox.io",
      "source": "Entrust",
      "tag": "cert",
    },
    "category": "Subdomain",
    "description": "Found subdomain elasticsearch.securecodebox.io",
    "hostname": "elasticsearch.securecodebox.io",
    "name": "elasticsearch.securecodebox.io",
    "osi_layer": "NETWORK",
    "severity": "INFORMATIONAL",
  },
  Object {
    "attributes": Object {
      "addresses": Array [
        Object {
          "asn": 24940,
          "cidr": "138.201.0.0/16",
          "desc": "HETZNER-AS ",
          "ip": "138.201.126.99",
        },
      ],
      "domain": "securecodebox.io",
      "name": "arachni.securecodebox.io",
      "source": "Entrust",
      "tag": "cert",
    },
    "category": "Subdomain",
    "description": "Found subdomain arachni.securecodebox.io",
    "hostname": "arachni.securecodebox.io",
    "name": "arachni.securecodebox.io",
    "osi_layer": "NETWORK",
    "severity": "INFORMATIONAL",
  },
  Object {
    "attributes": Object {
      "addresses": Array [
        Object {
          "asn": 24940,
          "cidr": "138.201.0.0/16",
          "desc": "HETZNER-AS ",
          "ip": "138.201.126.99",
        },
      ],
      "domain": "securecodebox.io",
      "name": "ctf.securecodebox.io",
      "source": "Entrust",
      "tag": "cert",
    },
    "category": "Subdomain",
    "description": "Found subdomain ctf.securecodebox.io",
    "hostname": "ctf.securecodebox.io",
    "name": "ctf.securecodebox.io",
    "osi_layer": "NETWORK",
    "severity": "INFORMATIONAL",
  },
  Object {
    "attributes": Object {
      "addresses": Array [
        Object {
          "asn": 24940,
          "cidr": "138.201.0.0/16",
          "desc": "HETZNER-AS ",
          "ip": "138.201.126.99",
        },
      ],
      "domain": "securecodebox.io",
      "name": "nmap.securecodebox.io",
      "source": "Entrust",
      "tag": "cert",
    },
    "category": "Subdomain",
    "description": "Found subdomain nmap.securecodebox.io",
    "hostname": "nmap.securecodebox.io",
    "name": "nmap.securecodebox.io",
    "osi_layer": "NETWORK",
    "severity": "INFORMATIONAL",
  },
  Object {
    "attributes": Object {
      "addresses": Array [
        Object {
          "asn": 24940,
          "cidr": "138.201.0.0/16",
          "desc": "HETZNER-AS ",
          "ip": "138.201.126.99",
        },
      ],
      "domain": "securecodebox.io",
      "name": "discovery.securecodebox.io",
      "source": "Entrust",
      "tag": "cert",
    },
    "category": "Subdomain",
    "description": "Found subdomain discovery.securecodebox.io",
    "hostname": "discovery.securecodebox.io",
    "name": "discovery.securecodebox.io",
    "osi_layer": "NETWORK",
    "severity": "INFORMATIONAL",
  },
  Object {
    "attributes": Object {
      "addresses": Array [
        Object {
          "asn": 24940,
          "cidr": "138.201.0.0/16",
          "desc": "HETZNER-AS ",
          "ip": "138.201.126.99",
        },
      ],
      "domain": "securecodebox.io",
      "name": "demo.securecodebox.io",
      "source": "Entrust",
      "tag": "cert",
    },
    "category": "Subdomain",
    "description": "Found subdomain demo.securecodebox.io",
    "hostname": "demo.securecodebox.io",
    "name": "demo.securecodebox.io",
    "osi_layer": "NETWORK",
    "severity": "INFORMATIONAL",
  },
  Object {
    "attributes": Object {
      "addresses": Array [
        Object {
          "asn": 24940,
          "cidr": "138.201.0.0/16",
          "desc": "HETZNER-AS ",
          "ip": "138.201.126.99",
        },
      ],
      "domain": "securecodebox.io",
      "name": "dashboard.securecodebox.io",
      "source": "Entrust",
      "tag": "cert",
    },
    "category": "Subdomain",
    "description": "Found subdomain dashboard.securecodebox.io",
    "hostname": "dashboard.securecodebox.io",
    "name": "dashboard.securecodebox.io",
    "osi_layer": "NETWORK",
    "severity": "INFORMATIONAL",
  },
  Object {
    "attributes": Object {
      "addresses": Array [
        Object {
          "asn": 24940,
          "cidr": "138.201.0.0/16",
          "desc": "HETZNER-AS ",
          "ip": "138.201.126.99",
        },
      ],
      "domain": "securecodebox.io",
      "name": "consul.securecodebox.io",
      "source": "Entrust",
      "tag": "cert",
    },
    "category": "Subdomain",
    "description": "Found subdomain consul.securecodebox.io",
    "hostname": "consul.securecodebox.io",
    "name": "consul.securecodebox.io",
    "osi_layer": "NETWORK",
    "severity": "INFORMATIONAL",
  },
  Object {
    "attributes": Object {
      "addresses": Array [
        Object {
          "asn": 24940,
          "cidr": "138.201.0.0/16",
          "desc": "HETZNER-AS ",
          "ip": "138.201.126.99",
        },
      ],
      "domain": "securecodebox.io",
      "name": "target.securecodebox.io",
      "source": "Entrust",
      "tag": "cert",
    },
    "category": "Subdomain",
    "description": "Found subdomain target.securecodebox.io",
    "hostname": "target.securecodebox.io",
    "name": "target.securecodebox.io",
    "osi_layer": "NETWORK",
    "severity": "INFORMATIONAL",
  },
  Object {
    "attributes": Object {
      "addresses": Array [
        Object {
          "asn": 24940,
          "cidr": "138.201.0.0/16",
          "desc": "HETZNER-AS ",
          "ip": "138.201.126.99",
        },
      ],
      "domain": "securecodebox.io",
      "name": "vault.securecodebox.io",
      "source": "Entrust",
      "tag": "cert",
    },
    "category": "Subdomain",
    "description": "Found subdomain vault.securecodebox.io",
    "hostname": "vault.securecodebox.io",
    "name": "vault.securecodebox.io",
    "osi_layer": "NETWORK",
    "severity": "INFORMATIONAL",
  },
  Object {
    "attributes": Object {
      "addresses": Array [
        Object {
          "asn": 24940,
          "cidr": "138.201.0.0/16",
          "desc": "HETZNER-AS ",
          "ip": "138.201.126.99",
        },
      ],
      "domain": "securecodebox.io",
      "name": "docs.securecodebox.io",
      "source": "Entrust",
      "tag": "cert",
    },
    "category": "Subdomain",
    "description": "Found subdomain docs.securecodebox.io",
    "hostname": "docs.securecodebox.io",
    "name": "docs.securecodebox.io",
    "osi_layer": "NETWORK",
    "severity": "INFORMATIONAL",
  },
  Object {
    "attributes": Object {
      "addresses": Array [
        Object {
          "asn": 24940,
          "cidr": "138.201.0.0/16",
          "desc": "HETZNER-AS ",
          "ip": "138.201.126.99",
        },
      ],
      "domain": "securecodebox.io",
      "name": "nikto.securecodebox.io",
      "source": "Entrust",
      "tag": "cert",
    },
    "category": "Subdomain",
    "description": "Found subdomain nikto.securecodebox.io",
    "hostname": "nikto.securecodebox.io",
    "name": "nikto.securecodebox.io",
    "osi_layer": "NETWORK",
    "severity": "INFORMATIONAL",
  },
  Object {
    "attributes": Object {
      "addresses": Array [
        Object {
          "asn": 24940,
          "cidr": "138.201.0.0/16",
          "desc": "HETZNER-AS ",
          "ip": "138.201.126.99",
        },
      ],
      "domain": "securecodebox.io",
      "name": "api-backend.securecodebox.io",
      "source": "Entrust",
      "tag": "cert",
    },
    "category": "Subdomain",
    "description": "Found subdomain api-backend.securecodebox.io",
    "hostname": "api-backend.securecodebox.io",
    "name": "api-backend.securecodebox.io",
    "osi_layer": "NETWORK",
    "severity": "INFORMATIONAL",
  },
  Object {
    "attributes": Object {
      "addresses": Array [
        Object {
          "asn": 24940,
          "cidr": "138.201.0.0/16",
          "desc": "HETZNER-AS ",
          "ip": "138.201.126.99",
        },
      ],
      "domain": "securecodebox.io",
      "name": "api.securecodebox.io",
      "source": "Entrust",
      "tag": "cert",
    },
    "category": "Subdomain",
    "description": "Found subdomain api.securecodebox.io",
    "hostname": "api.securecodebox.io",
    "name": "api.securecodebox.io",
    "osi_layer": "NETWORK",
    "severity": "INFORMATIONAL",
  },
]
`;

exports[`handles jsonl files with a single row correctly 1`] = `
Array [
  Object {
    "attributes": Object {
      "addresses": Array [
        Object {
          "asn": 54113,
          "cidr": "185.199.108.0/22",
          "desc": "FASTLY - Fastly",
          "ip": "185.199.109.153",
        },
      ],
      "domain": "securecodebox.io",
      "name": "www.securecodebox.io",
      "source": undefined,
      "tag": "cert",
    },
    "category": "Subdomain",
    "description": "Found subdomain www.securecodebox.io",
    "hostname": "www.securecodebox.io",
    "name": "www.securecodebox.io",
    "osi_layer": "NETWORK",
    "severity": "INFORMATIONAL",
  },
]
`;
