# SPDX-FileCopyrightText: the secureCodeBox authors
#
# SPDX-License-Identifier: Apache-2.0

matches the snapshot:
  1: |
    apiVersion: cascading.securecodebox.io/v1
    kind: CascadingRule
    metadata:
      labels:
        securecodebox.io/intensive: light
        securecodebox.io/invasive: non-invasive
      name: whatweb-subdomain-scan
    spec:
      matches:
        anyOf:
          - category: Subdomain
            osi_layer: NETWORK
      scanSpec:
        parameters:
          - '{{location}}'
        scanType: whatweb
  2: |
    apiVersion: execution.securecodebox.io/v1
    kind: ParseDefinition
    metadata:
      name: whatweb-json
    spec:
      affinity:
        foo: bar
      env:
        - name: foo
          value: bar
      image: docker.io/securecodebox/parser-whatweb:0.0.0
      imagePullPolicy: IfNotPresent
      imagePullSecrets:
        - name: foo
      resources:
        foo: bar
      scopeLimiterAliases:
        foo: bar
      tolerations:
        - foo: bar
      ttlSecondsAfterFinished: null
  3: |
    apiVersion: execution.securecodebox.io/v1
    kind: ScanType
    metadata:
      name: whatwebfoo
    spec:
      extractResults:
        location: /home/securecodebox/whatweb-results.json
        type: whatweb-json
      jobTemplate:
        spec:
          backoffLimit: 3
          suspend: false
          template:
            spec:
              affinity:
                foo: bar
              containers:
                - command:
                    - whatweb
                    - --log-json=/home/securecodebox/whatweb-results.json
                  env:
                    - name: foo
                      value: bar
                  image: docker.io/securecodebox/scanner-whatweb:0.0.0
                  imagePullPolicy: IfNotPresent
                  name: whatweb
                  resources:
                    foo: bar
                  securityContext:
                    allowPrivilegeEscalation: false
                    capabilities:
                      drop:
                        - all
                    privileged: false
                    readOnlyRootFilesystem: true
                    runAsNonRoot: true
                  volumeMounts: []
                - image: bar
                  name: foo
              imagePullSecrets:
                - name: foo
              restartPolicy: Never
              securityContext:
                fsGroup: 1234
              tolerations:
                - foo: bar
              volumes: []
