# SPDX-FileCopyrightText: the secureCodeBox authors
#
# SPDX-License-Identifier: Apache-2.0

matches the snapshot:
  1: |
    apiVersion: execution.securecodebox.io/v1
    kind: ParseDefinition
    metadata:
      name: wpscan-json
    spec:
      affinity:
        foo: bar
      env:
        - name: foo
          value: bar
      image: docker.io/securecodebox/parser-wpscan:0.0.0
      imagePullPolicy: IfNotPresent
      imagePullSecrets:
        - name: foo
      resources:
        foo: bar
      scopeLimiterAliases:
        foo: bar
      tolerations:
        - foo: bar
      ttlSecondsAfterFinished: null
  2: |
    apiVersion: execution.securecodebox.io/v1
    kind: ScanType
    metadata:
      name: wpscanfoo
    spec:
      extractResults:
        location: /home/securecodebox/wpscan-results.json
        type: wpscan-json
      jobTemplate:
        spec:
          backoffLimit: 3
          suspend: false
          template:
            spec:
              affinity:
                foo: bar
              containers:
                - command:
                    - sh
                    - /wrapper.sh
                    - -o
                    - /home/securecodebox/wpscan-results.json
                    - -f
                    - json
                  env:
                    - name: foo
                      value: bar
                  image: docker.io/securecodebox/scanner-wpscan:0.0.0
                  imagePullPolicy: IfNotPresent
                  name: wpscan
                  resources:
                    foo: bar
                  securityContext:
                    allowPrivilegeEscalation: false
                    capabilities:
                      drop:
                        - all
                    privileged: false
                    readOnlyRootFilesystem: false
                    runAsNonRoot: false
                  volumeMounts: []
                - image: bar
                  name: foo
              imagePullSecrets:
                - name: foo
              restartPolicy: OnFailure
              securityContext:
                fsGroup: 1234
              tolerations:
                - foo: bar
              volumes: []
