matches the snapshot:
  1: |
    raw: |2
      Old Wordpress Instance deployed.

      Note this should used for demo and test purposes.
      Do not expose this to the Internet!
  2: |
    apiVersion: apps/v1
    kind: Deployment
    metadata:
      annotations:
        foo: bar
      labels:
        app.kubernetes.io/instance: RELEASE-NAME
        app.kubernetes.io/managed-by: Helm
        app.kubernetes.io/name: foo
        app.kubernetes.io/version: 0.0.0
        foo: bar
        helm.sh/chart: old-wordpress-0.0.0
      name: bar
    spec:
      replicas: 1
      selector:
        matchLabels:
          app.kubernetes.io/instance: RELEASE-NAME
          app.kubernetes.io/name: foo
      template:
        metadata:
          annotations:
            foo: bar
          labels:
            app.kubernetes.io/instance: RELEASE-NAME
            app.kubernetes.io/name: foo
        spec:
          affinity:
            nodeAffinity:
              requiredDuringSchedulingIgnoredDuringExecution:
                nodeSelectorTerms:
                  - matchExpressions:
                      - key: foo
                        operator: In
                        values:
                          - bar
                          - baz
          containers:
            - image: docker.io/securecodebox/demo-target-old-wordpress:0.0.0
              imagePullPolicy: IfNotPresent
              livenessProbe:
                httpGet:
                  path: /
                  port: http
                initialDelaySeconds: 60
              name: old-wordpress
              ports:
                - containerPort: 80
                  name: http
                  protocol: TCP
              readinessProbe:
                failureThreshold: 3
                httpGet:
                  path: /
                  port: http
                initialDelaySeconds: 60
                periodSeconds: 10
                successThreshold: 1
                timeoutSeconds: 60
              resources:
                requests:
                  cpu: 123m
                  memory: 123Mi
              securityContext:
                capabilities:
                  drop:
                    - ALL
                readOnlyRootFilesystem: true
                runAsNonRoot: true
                runAsUser: 1234
          nodeSelector:
            foo: bar
          securityContext:
            fsGroup: 1234
          tolerations:
            - effect: NoSchedule
              key: foo
              operator: Exists
              value: value1
  3: |
    apiVersion: v1
    kind: Service
    metadata:
      annotations:
        foo: bar
      labels:
        app.kubernetes.io/instance: RELEASE-NAME
        app.kubernetes.io/managed-by: Helm
        app.kubernetes.io/name: foo
        app.kubernetes.io/version: 0.0.0
        foo: bar
        helm.sh/chart: old-wordpress-0.0.0
      name: bar
    spec:
      ports:
        - name: http
          port: 80
          protocol: TCP
          targetPort: http
      selector:
        app.kubernetes.io/instance: RELEASE-NAME
        app.kubernetes.io/name: foo
      type: ClusterIP
  4: |
    apiVersion: v1
    kind: Pod
    metadata:
      annotations:
        helm.sh/hook: test-success
      labels:
        app.kubernetes.io/instance: RELEASE-NAME
        app.kubernetes.io/managed-by: Helm
        app.kubernetes.io/name: foo
        app.kubernetes.io/version: 0.0.0
        foo: bar
        helm.sh/chart: old-wordpress-0.0.0
      name: bar-test-connection
    spec:
      containers:
        - args:
            - bar:80
          command:
            - wget
          image: busybox
          name: wget
      restartPolicy: Never
