# SPDX-FileCopyrightText: the secureCodeBox authors
#
# SPDX-License-Identifier: Apache-2.0

matches the snapshot:
  1: |
    raw: |2
      Vulnerable log4j Instance deployed.

      Note this should used for demo and test purposes.
      Do not expose this to the Internet!
  2: |
    apiVersion: apps/v1
    kind: Deployment
    metadata:
      annotations:
        foo: bar
      labels:
        app.kubernetes.io/instance: RELEASE-NAME
        app.kubernetes.io/managed-by: Helm
        app.kubernetes.io/name: foo
        app.kubernetes.io/version: 0.0.0
        foo: bar
        helm.sh/chart: vulnerable-log4j-0.0.0
      name: bar
    spec:
      replicas: 1
      selector:
        matchLabels:
          app.kubernetes.io/instance: RELEASE-NAME
          app.kubernetes.io/name: foo
      template:
        metadata:
          annotations:
            foo: bar
          labels:
            app.kubernetes.io/instance: RELEASE-NAME
            app.kubernetes.io/name: foo
        spec:
          affinity:
            nodeAffinity:
              requiredDuringSchedulingIgnoredDuringExecution:
                nodeSelectorTerms:
                  - matchExpressions:
                      - key: foo
                        operator: In
                        values:
                          - bar
                          - baz
          containers:
            - image: ghcr.io/christophetd/log4shell-vulnerable-app:0.0.0
              imagePullPolicy: IfNotPresent
              name: vulnerable-log4j
              ports:
                - containerPort: 8080
                  name: http
                  protocol: TCP
              resources:
                requests:
                  cpu: 123m
                  memory: 123Mi
              securityContext:
                capabilities:
                  drop:
                    - ALL
                readOnlyRootFilesystem: true
                runAsNonRoot: true
                runAsUser: 1234
          nodeSelector:
            foo: bar
          securityContext:
            fsGroup: 1234
          tolerations:
            - effect: NoSchedule
              key: foo
              operator: Exists
              value: value1
  3: |
    apiVersion: v1
    kind: Service
    metadata:
      annotations:
        foo: bar
      labels:
        app.kubernetes.io/instance: RELEASE-NAME
        app.kubernetes.io/managed-by: Helm
        app.kubernetes.io/name: foo
        app.kubernetes.io/version: 0.0.0
        foo: bar
        helm.sh/chart: vulnerable-log4j-0.0.0
      name: bar
    spec:
      ports:
        - name: http
          port: 8080
          protocol: TCP
          targetPort: http
      selector:
        app.kubernetes.io/instance: RELEASE-NAME
        app.kubernetes.io/name: foo
      type: ClusterIP
  4: |
    apiVersion: v1
    kind: Pod
    metadata:
      annotations:
        helm.sh/hook: test-success
      labels:
        app.kubernetes.io/instance: RELEASE-NAME
        app.kubernetes.io/managed-by: Helm
        app.kubernetes.io/name: foo
        app.kubernetes.io/version: 0.0.0
        foo: bar
        helm.sh/chart: vulnerable-log4j-0.0.0
      name: bar-test-connection
    spec:
      containers:
        - args:
            - bar:8080
          command:
            - wget
          image: busybox
          name: wget
      restartPolicy: Never
