// Jest Snapshot v1, https://goo.gl/fbAQLP

exports[`should send a post request to the url when fired 1`] = `
[MockFunction] {
  "calls": Array [
    Array [
      "http://example.com/foo/bar",
      Object {
        "findings": Array [],
        "paylod": "{
    \\"@type\\": \\"MessageCard\\",
    \\"@context\\": \\"https://schema.org/extensions\\",
    \\"summary\\": \\"Scan 09988cdf-1fc7-4f85-95ee-1b1d65dbc7cc\\",
    \\"themeColor\\": \\"0078D7\\",
    \\"title\\": \\"New security scan results (Type: Nmap) are available!\\",
    \\"sections\\": [
        {
            \\"activityTitle\\": \\"Scheduled scan: **'demo-scan-1601086432'**\\",
            \\"activitySubtitle\\": \\"Finished at 2020-05-25T02:38:13Z\\",
            \\"activityImage\\": \\"https://docs.securecodebox.io/img/Favicon.svg\\",
            \\"startGroup\\": true,
            \\"facts\\": [{&quot;name&quot;:&quot;high&quot;,&quot;value&quot;:&quot;10&quot;},{&quot;name&quot;:&quot;medium&quot;,&quot;value&quot;:&quot;5&quot;},{&quot;name&quot;:&quot;low&quot;,&quot;value&quot;:&quot;2&quot;},{&quot;name&quot;:&quot;informational&quot;,&quot;value&quot;:&quot;1&quot;}],
            \\"text\\": \\"__Findings Severity Overview:__\\"
        },
        {
            \\"facts\\": [{&quot;name&quot;:&quot;A Client Error response code was returned by the server&quot;,&quot;value&quot;:&quot;1&quot;},{&quot;name&quot;:&quot;Information Disclosure - Sensitive Information in URL&quot;,&quot;value&quot;:&quot;1&quot;},{&quot;name&quot;:&quot;Strict-Transport-Security Header Not Set&quot;,&quot;value&quot;:&quot;1&quot;}],
            \\"text\\": \\"__Findings Category Overview:__\\"
        }
    ],
    \\"potentialAction\\": [
        {
            \\"@type\\": \\"OpenUri\\",
            \\"name\\": \\"Open Dashboard\\",
            \\"targets\\": [
                {
                    \\"os\\": \\"default\\",
                    \\"uri\\": \\"\\"
                }
            ]
        },
        {
            \\"@type\\": \\"OpenUri\\",
            \\"name\\": \\"Show Results in Dashboard\\",
            \\"targets\\": [
                {
                    \\"os\\": \\"default\\",
                    \\"uri\\": \\"\\"
                }
            ]
        }
    ]
}",
      },
    ],
  ],
  "results": Array [
    Object {
      "type": "return",
      "value": undefined,
    },
  ],
}
`;
